#   50 | steps_t: 32884 | t: 15.984612 | r:     3.053763 | avg_r:   -45.229892 | e:   0.671160 | Q: 210.760330 | won: False 
#  100 | steps_t: 33289 | t: 37.627310 | r:  -165.673118 | avg_r:    24.642129 | e:   0.667110 | Q: 191.407928 | won: False 
#  150 | steps_t: 33720 | t: 60.566180 | r:  -118.178495 | avg_r:    40.450624 | e:   0.662800 | Q: 181.743286 | won: False 
#  200 | steps_t: 34101 | t: 82.438845 | r:  -245.473118 | avg_r:    45.594118 | e:   0.658990 | Q: 199.045883 | won: False 
#  250 | steps_t: 34532 | t: 109.696538 | r:  -230.767742 | avg_r:    56.811518 | e:   0.654680 | Q: 222.811005 | won: False 
#  300 | steps_t: 34905 | t: 134.191392 | r:   500.686022 | avg_r:    58.927419 | e:   0.650950 | Q: 221.857498 | won: False 
#  350 | steps_t: 35259 | t: 156.552571 | r:   218.853763 | avg_r:    71.212412 | e:   0.647410 | Q: 201.510056 | won: False 
#  400 | steps_t: 35620 | t: 178.951360 | r:   348.969892 | avg_r:    79.959737 | e:   0.643800 | Q: 294.555542 | won: False 
#  450 | steps_t: 36015 | t: 202.367263 | r:    40.043011 | avg_r:    84.429438 | e:   0.639850 | Q: 251.705170 | won: False 
#  500 | steps_t: 36336 | t: 221.776515 | r:   113.686022 | avg_r:    84.691647 | e:   0.636640 | Q: 399.653107 | won: False 
#  550 | steps_t: 36705 | t: 244.345013 | r:   910.707527 | avg_r:    97.853404 | e:   0.632950 | Q: 327.877441 | won: False 
#  600 | steps_t: 37073 | t: 267.186270 | r:   197.748387 | avg_r:   103.705771 | e:   0.629270 | Q: 309.181061 | won: False 
#  650 | steps_t: 37448 | t: 290.607583 | r:   598.686022 | avg_r:   110.802683 | e:   0.625520 | Q: 321.298523 | won: False 
#  700 | steps_t: 37772 | t: 310.503707 | r:  -106.767742 | avg_r:   116.998860 | e:   0.622280 | Q: 346.358032 | won: False 
#  750 | steps_t: 38103 | t: 330.367740 | r:   310.453763 | avg_r:   123.882948 | e:   0.618970 | Q: 253.235321 | won: False 
#  800 | steps_t: 38466 | t: 351.414020 | r:   313.053763 | avg_r:   129.172524 | e:   0.615340 | Q: 316.536591 | won: False 
#  850 | steps_t: 38890 | t: 376.559789 | r:   627.980645 | avg_r:   135.356546 | e:   0.611100 | Q: 271.975891 | won: False 
#  900 | steps_t: 39309 | t: 401.531139 | r:    90.632258 | avg_r:   141.468158 | e:   0.606910 | Q: 321.476318 | won: False 
#  950 | steps_t: 39625 | t: 419.969495 | r:   925.802151 | avg_r:   146.541976 | e:   0.603750 | Q: 365.573700 | won: False 
# 1000 | steps_t: 39964 | t: 439.948813 | r:   -58.767742 | avg_r:   149.670613 | e:   0.600360 | Q: 269.095642 | won: False 
# 1050 | steps_t: 40366 | t: 464.132315 | r:    74.537634 | avg_r:   157.788162 | e:   0.596340 | Q: 351.343292 | won: False 
# 1100 | steps_t: 40769 | t: 487.382475 | r:    30.137634 | avg_r:   164.681848 | e:   0.592310 | Q: 320.637390 | won: False 
# 1150 | steps_t: 41143 | t: 507.812109 | r:   631.918280 | avg_r:   167.025144 | e:   0.588570 | Q: 451.515106 | won: False 
# 1200 | steps_t: 41538 | t: 529.261424 | r:    73.548387 | avg_r:   170.893749 | e:   0.584620 | Q: 311.357056 | won: False 
# 1250 | steps_t: 41874 | t: 547.443985 | r:   100.043011 | avg_r:   173.474058 | e:   0.581260 | Q: 355.990692 | won: False 
# 1300 | steps_t: 42249 | t: 567.786828 | r:   111.243011 | avg_r:   175.862951 | e:   0.577510 | Q: 310.886108 | won: False 
# 1350 | steps_t: 42655 | t: 589.841306 | r:   -43.873118 | avg_r:   178.825746 | e:   0.573450 | Q: 270.725494 | won: False 
# 1400 | steps_t: 42996 | t: 610.090327 | r:  -213.473118 | avg_r:   181.203406 | e:   0.570040 | Q: 354.261078 | won: False 
# 1450 | steps_t: 43360 | t: 630.767028 | r:    58.937634 | avg_r:   185.050857 | e:   0.566400 | Q: 333.622223 | won: False 
# 1500 | steps_t: 43750 | t: 651.312200 | r:  -188.778495 | avg_r:   190.414572 | e:   0.562500 | Q: 412.058411 | won: False 
# 1550 | steps_t: 44157 | t: 673.559162 | r:   -27.367742 | avg_r:   192.417011 | e:   0.558430 | Q: 458.137054 | won: False 
# 1600 | steps_t: 44528 | t: 694.286865 | r:  -209.083871 | avg_r:   192.995098 | e:   0.554720 | Q: 443.346741 | won: False 
# 1650 | steps_t: 44982 | t: 718.142066 | r:   123.643011 | avg_r:   196.914003 | e:   0.550180 | Q: 385.566162 | won: False 
# 1700 | steps_t: 45337 | t: 737.039262 | r:  1152.234409 | avg_r:   201.811146 | e:   0.546630 | Q: 607.122986 | won: False 
# 1750 | steps_t: 45634 | t: 752.666481 | r:    10.232258 | avg_r:   203.190984 | e:   0.543660 | Q: 357.940765 | won: False 
# 1800 | steps_t: 46010 | t: 772.299304 | r:  -249.989247 | avg_r:   207.979802 | e:   0.539900 | Q: 420.582550 | won: False 
# 1850 | steps_t: 46377 | t: 791.741183 | r:   674.307527 | avg_r:   211.705877 | e:   0.536230 | Q: 565.491943 | won: False 
# 1900 | steps_t: 46742 | t: 811.751494 | r:   848.012903 | avg_r:   216.583480 | e:   0.532580 | Q: 446.015808 | won: False 
# 1950 | steps_t: 47131 | t: 833.912077 | r:   308.664516 | avg_r:   220.712235 | e:   0.528690 | Q: 450.422333 | won: False 
# 2000 | steps_t: 47453 | t: 851.881281 | r:   532.202151 | avg_r:   222.630878 | e:   0.525470 | Q: 568.791260 | won: False 
# 2050 | steps_t: 47841 | t: 873.631391 | r:   314.559140 | avg_r:   226.900499 | e:   0.521590 | Q: 449.470337 | won: False 
# 2100 | steps_t: 48206 | t: 893.775897 | r:   690.034409 | avg_r:   226.963746 | e:   0.517940 | Q: 446.296631 | won: False 
# 2150 | steps_t: 48643 | t: 917.111579 | r:   112.737634 | avg_r:   232.234439 | e:   0.513570 | Q: 401.094421 | won: False 
# 2200 | steps_t: 48963 | t: 933.742215 | r:   852.518280 | avg_r:   234.049180 | e:   0.510370 | Q: 513.403687 | won: False 
# 2250 | steps_t: 49303 | t: 951.183569 | r:   837.907527 | avg_r:   238.194171 | e:   0.506970 | Q: 580.290039 | won: False 
# 2300 | steps_t: 49689 | t: 971.124220 | r:   204.875269 | avg_r:   241.700780 | e:   0.503110 | Q: 374.759399 | won: False 
# 2350 | steps_t: 50116 | t: 993.249846 | r:   567.129032 | avg_r:   246.033277 | e:   0.498840 | Q: 529.834900 | won: False 
# 2400 | steps_t: 50559 | t: 1016.889709 | r:   155.159140 | avg_r:   250.834918 | e:   0.494410 | Q: 407.190155 | won: False 
# 2450 | steps_t: 50964 | t: 1038.529739 | r:  1331.372043 | avg_r:   254.780417 | e:   0.490360 | Q: 561.157715 | won: False 
# 2500 | steps_t: 51349 | t: 1058.767612 | r:   583.980645 | avg_r:   258.103728 | e:   0.486510 | Q: 470.174713 | won: False 
# 2550 | steps_t: 51654 | t: 1074.930485 | r:   751.991398 | avg_r:   259.189295 | e:   0.483460 | Q: 475.476562 | won: False 
# 2600 | steps_t: 52116 | t: 1099.996590 | r:   756.791398 | avg_r:   263.033813 | e:   0.478840 | Q: 507.444733 | won: False 
# 2650 | steps_t: 52466 | t: 1119.255874 | r:   722.507527 | avg_r:   266.083146 | e:   0.475340 | Q: 441.703613 | won: False 
# 2700 | steps_t: 52784 | t: 1136.800695 | r:   517.369892 | avg_r:   268.126155 | e:   0.472160 | Q: 497.408813 | won: False 
# 2750 | steps_t: 53089 | t: 1153.724576 | r:   383.664516 | avg_r:   270.543421 | e:   0.469110 | Q: 411.636475 | won: False 
# 2800 | steps_t: 53440 | t: 1173.053706 | r:   648.886022 | avg_r:   275.517161 | e:   0.465600 | Q: 474.443359 | won: False 
# 2850 | steps_t: 53826 | t: 1194.227631 | r:   139.043011 | avg_r:   278.118867 | e:   0.461740 | Q: 477.306488 | won: False 
# 2900 | steps_t: 54177 | t: 1213.765200 | r:   151.843011 | avg_r:   279.635028 | e:   0.458230 | Q: 552.179993 | won: False 
# 2950 | steps_t: 54572 | t: 1236.022651 | r:  1468.582796 | avg_r:   282.815561 | e:   0.454280 | Q: 461.322845 | won: False 
# 3000 | steps_t: 54868 | t: 1251.827798 | r:  1334.866667 | avg_r:   284.530754 | e:   0.451320 | Q: 640.912720 | won: False 
# 3050 | steps_t: 55188 | t: 1270.192494 | r:   195.653763 | avg_r:   283.983095 | e:   0.448120 | Q: 445.208923 | won: False 
# 3100 | steps_t: 55529 | t: 1289.527636 | r:  -147.873118 | avg_r:   286.056598 | e:   0.444710 | Q: 422.833374 | won: False 
# 3150 | steps_t: 55975 | t: 1313.957727 | r:  1512.982796 | avg_r:   288.155100 | e:   0.440250 | Q: 498.083618 | won: False 
# 3200 | steps_t: 56360 | t: 1334.184422 | r:    37.032258 | avg_r:   290.553639 | e:   0.436400 | Q: 432.105072 | won: False 
# 3250 | steps_t: 56728 | t: 1354.116060 | r:   187.148387 | avg_r:   292.569875 | e:   0.432720 | Q: 438.497772 | won: False 
# 3300 | steps_t: 57061 | t: 1372.391340 | r:   295.264516 | avg_r:   295.502046 | e:   0.429390 | Q: 450.562836 | won: False 
# 3350 | steps_t: 57428 | t: 1392.641036 | r:   457.369892 | avg_r:   298.005933 | e:   0.425720 | Q: 452.769714 | won: False 
# 3400 | steps_t: 57886 | t: 1416.545666 | r:   985.318280 | avg_r:   301.305135 | e:   0.421140 | Q: 603.349487 | won: False 
# 3450 | steps_t: 58301 | t: 1437.763088 | r:   917.034409 | avg_r:   303.464795 | e:   0.416990 | Q: 475.920166 | won: False 
# 3500 | steps_t: 58756 | t: 1461.107365 | r:   607.380645 | avg_r:   306.307404 | e:   0.412440 | Q: 482.665222 | won: False 
# 3550 | steps_t: 59200 | t: 1484.346764 | r:   938.023656 | avg_r:   310.265873 | e:   0.408000 | Q: 543.758545 | won: False 
# 3600 | steps_t: 59590 | t: 1505.975891 | r:    36.137634 | avg_r:   312.553107 | e:   0.404100 | Q: 520.718872 | won: False 
# 3650 | steps_t: 59976 | t: 1527.576362 | r:   263.759140 | avg_r:   315.962769 | e:   0.400240 | Q: 516.909119 | won: False 
# 3700 | steps_t: 60325 | t: 1547.040532 | r:   289.948387 | avg_r:   318.094360 | e:   0.396750 | Q: 576.330750 | won: False 
# 3750 | steps_t: 60702 | t: 1569.030692 | r:   719.791398 | avg_r:   320.991464 | e:   0.392980 | Q: 569.991638 | won: False 
# 3800 | steps_t: 61066 | t: 1589.394932 | r:   628.780645 | avg_r:   321.999140 | e:   0.389340 | Q: 562.258850 | won: False 
# 3850 | steps_t: 61521 | t: 1615.268435 | r:   -29.819355 | avg_r:   325.221781 | e:   0.384790 | Q: 536.765869 | won: False 
# 3900 | steps_t: 61911 | t: 1637.592242 | r:  -146.778495 | avg_r:   328.565120 | e:   0.380890 | Q: 551.218384 | won: False 
# 3950 | steps_t: 62283 | t: 1658.785397 | r:  1157.961290 | avg_r:   332.274188 | e:   0.377170 | Q: 527.122437 | won: False 
# 4000 | steps_t: 62753 | t: 1685.475363 | r:   877.696774 | avg_r:   335.367962 | e:   0.372470 | Q: 484.182281 | won: False 
# 4050 | steps_t: 63202 | t: 1709.592101 | r:   934.118280 | avg_r:   339.278758 | e:   0.367980 | Q: 665.935364 | won: False 
# 4100 | steps_t: 63600 | t: 1731.035715 | r:  1475.088172 | avg_r:   342.165866 | e:   0.364000 | Q: 650.379822 | won: False 
# 4150 | steps_t: 63912 | t: 1748.099550 | r:   375.959140 | avg_r:   346.279332 | e:   0.360880 | Q: 620.187866 | won: False 
# 4200 | steps_t: 64260 | t: 1767.647211 | r:   961.118280 | avg_r:   349.655964 | e:   0.357400 | Q: 642.788452 | won: False 
# 4250 | steps_t: 64599 | t: 1786.354887 | r:    16.243011 | avg_r:   352.963203 | e:   0.354010 | Q: 718.891785 | won: False 
# 4300 | steps_t: 64922 | t: 1804.695890 | r:    52.737634 | avg_r:   355.842765 | e:   0.350780 | Q: 687.965881 | won: False 
# 4350 | steps_t: 65337 | t: 1828.607024 | r:  -145.778495 | avg_r:   357.976281 | e:   0.346630 | Q: 680.968140 | won: False 
# 4400 | steps_t: 65694 | t: 1848.820225 | r:   383.664516 | avg_r:   361.533426 | e:   0.343060 | Q: 639.173096 | won: False 
# 4450 | steps_t: 66064 | t: 1868.863946 | r:   717.245161 | avg_r:   364.416055 | e:   0.339360 | Q: 709.325867 | won: False 
# 4500 | steps_t: 66516 | t: 1893.501280 | r:   974.623656 | avg_r:   368.863357 | e:   0.334840 | Q: 718.777893 | won: False 
# 4550 | steps_t: 66935 | t: 1918.398984 | r:   494.275269 | avg_r:   371.474453 | e:   0.330650 | Q: 640.684570 | won: False 
# 4600 | steps_t: 67338 | t: 1939.661749 | r:  1101.423656 | avg_r:   375.703952 | e:   0.326620 | Q: 759.536926 | won: False 
# 4650 | steps_t: 67657 | t: 1956.796209 | r:   628.275269 | avg_r:   377.910335 | e:   0.323430 | Q: 702.692627 | won: False 
# 4700 | steps_t: 68008 | t: 1976.159324 | r:   725.991398 | avg_r:   379.936098 | e:   0.319920 | Q: 565.945557 | won: False 
# 4750 | steps_t: 68366 | t: 1996.033004 | r:   214.948387 | avg_r:   383.653967 | e:   0.316340 | Q: 823.477600 | won: False 
# 4800 | steps_t: 68721 | t: 2015.973759 | r:  -263.989247 | avg_r:   387.757777 | e:   0.312790 | Q: 603.832703 | won: False 
# 4850 | steps_t: 69034 | t: 2033.663760 | r:     0.726882 | avg_r:   391.139861 | e:   0.309660 | Q: 747.006714 | won: False 
# 4900 | steps_t: 69370 | t: 2052.841845 | r:  1531.372043 | avg_r:   394.740770 | e:   0.306300 | Q: 769.302979 | won: False 
# 4950 | steps_t: 69764 | t: 2075.215361 | r:   798.696774 | avg_r:   397.447032 | e:   0.302360 | Q: 747.767212 | won: False 
# 5000 | steps_t: 70167 | t: 2098.445281 | r:   612.496774 | avg_r:   402.300502 | e:   0.298330 | Q: 787.888062 | won: False 
# 5050 | steps_t: 70506 | t: 2118.105372 | r:  1131.118280 | avg_r:   404.981348 | e:   0.294940 | Q: 817.639832 | won: False 
# 5100 | steps_t: 70850 | t: 2138.085593 | r:   431.759140 | avg_r:   409.410312 | e:   0.291500 | Q: 853.214233 | won: False 
# 5150 | steps_t: 71210 | t: 2158.766146 | r:   617.275269 | avg_r:   412.981060 | e:   0.287900 | Q: 881.664795 | won: False 
# 5200 | steps_t: 71559 | t: 2178.608700 | r:   253.959140 | avg_r:   416.397823 | e:   0.284410 | Q: 854.784668 | won: False 
# 5250 | steps_t: 71915 | t: 2198.549828 | r:   368.569892 | avg_r:   420.369453 | e:   0.280850 | Q: 961.332703 | won: False 
# 5300 | steps_t: 72224 | t: 2215.636500 | r:   630.075269 | avg_r:   424.186896 | e:   0.277760 | Q: 949.376282 | won: False 
# 5350 | steps_t: 72604 | t: 2237.009334 | r:  1693.193548 | avg_r:   428.022824 | e:   0.273960 | Q: 904.227356 | won: False 
# 5400 | steps_t: 72910 | t: 2254.477283 | r:   535.875269 | avg_r:   431.195140 | e:   0.270900 | Q: 946.729858 | won: False 
# 5450 | steps_t: 73255 | t: 2274.235808 | r:   230.748387 | avg_r:   434.668388 | e:   0.267450 | Q: 903.237183 | won: False 
# 5500 | steps_t: 73631 | t: 2295.552558 | r:   442.864516 | avg_r:   438.015326 | e:   0.263690 | Q: 893.707886 | won: False 
# 5550 | steps_t: 73962 | t: 2313.486119 | r:   797.391398 | avg_r:   440.742571 | e:   0.260380 | Q: 923.010498 | won: False 
# 5600 | steps_t: 74284 | t: 2330.578127 | r:   606.896774 | avg_r:   445.337396 | e:   0.257160 | Q: 921.722900 | won: False 
# 5650 | steps_t: 74655 | t: 2350.292926 | r:  1088.518280 | avg_r:   448.967940 | e:   0.253450 | Q: 847.169189 | won: False 
# 5700 | steps_t: 74977 | t: 2368.777627 | r:   175.843011 | avg_r:   452.760049 | e:   0.250230 | Q: 1002.110596 | won: False 
# 5750 | steps_t: 75316 | t: 2387.314696 | r:  1156.518280 | avg_r:   456.383108 | e:   0.246840 | Q: 996.537537 | won: False 
# 5800 | steps_t: 75632 | t: 2406.066967 | r:   -23.873118 | avg_r:   460.246993 | e:   0.243680 | Q: 1037.502197 | won: False 
# 5850 | steps_t: 76044 | t: 2430.037474 | r:   367.559140 | avg_r:   464.745211 | e:   0.239560 | Q: 1101.559448 | won: False 
# 5900 | steps_t: 76427 | t: 2452.347565 | r:   761.086022 | avg_r:   469.104195 | e:   0.235730 | Q: 964.062988 | won: False 
# 5950 | steps_t: 76860 | t: 2475.809984 | r:   927.696774 | avg_r:   474.275649 | e:   0.231400 | Q: 1159.922729 | won: False 
# 6000 | steps_t: 77145 | t: 2492.118884 | r:  1911.077419 | avg_r:   478.581768 | e:   0.228550 | Q: 1127.127563 | won: False 
# 6050 | steps_t: 77456 | t: 2510.490297 | r:  1761.077419 | avg_r:   483.342716 | e:   0.225440 | Q: 1172.503540 | won: False 
# 6100 | steps_t: 77774 | t: 2529.105700 | r:  1886.393548 | avg_r:   487.472671 | e:   0.222260 | Q: 1163.117798 | won: False 
# 6150 | steps_t: 78189 | t: 2553.492515 | r:   686.580645 | avg_r:   491.429349 | e:   0.218110 | Q: 1142.313965 | won: False 
# 6200 | steps_t: 78567 | t: 2575.918993 | r:  2266.720430 | avg_r:   496.935400 | e:   0.214330 | Q: 1093.984497 | won: False 
# 6250 | steps_t: 78931 | t: 2597.369948 | r:   869.896774 | avg_r:   501.682395 | e:   0.210690 | Q: 1169.441895 | won: False 
# 6300 | steps_t: 79255 | t: 2616.159810 | r:   573.969892 | avg_r:   506.026848 | e:   0.207450 | Q: 1144.753418 | won: False 
# 6350 | steps_t: 79612 | t: 2636.769041 | r:  1171.729032 | avg_r:   510.821059 | e:   0.203880 | Q: 1196.702393 | won: False 
# 6400 | steps_t: 79957 | t: 2656.755856 | r:  1780.572043 | avg_r:   515.597640 | e:   0.200430 | Q: 1136.098633 | won: False 
# 6450 | steps_t: 80341 | t: 2679.583903 | r:   312.053763 | avg_r:   521.055780 | e:   0.196590 | Q: 1173.417480 | won: False 
# 6500 | steps_t: 80692 | t: 2700.073938 | r:   492.264516 | avg_r:   526.237984 | e:   0.193080 | Q: 1232.265869 | won: False 
# 6550 | steps_t: 81071 | t: 2721.066062 | r:   998.118280 | avg_r:   530.864556 | e:   0.189290 | Q: 1261.214478 | won: False 
# 6600 | steps_t: 81419 | t: 2741.210403 | r:  1750.877419 | avg_r:   535.071531 | e:   0.185810 | Q: 1192.670166 | won: False 
# 6650 | steps_t: 81694 | t: 2757.430886 | r:  1240.023656 | avg_r:   538.956558 | e:   0.183060 | Q: 1223.543213 | won: False 
# 6700 | steps_t: 82043 | t: 2778.060372 | r:  1428.445161 | avg_r:   544.641265 | e:   0.179570 | Q: 1175.626953 | won: False 
# 6750 | steps_t: 82318 | t: 2794.397522 | r:   218.043011 | avg_r:   548.574241 | e:   0.176820 | Q: 1295.836060 | won: False 
# 6800 | steps_t: 82668 | t: 2815.011405 | r:  1112.023656 | avg_r:   552.800728 | e:   0.173320 | Q: 1117.215088 | won: False 
# 6850 | steps_t: 82985 | t: 2834.010906 | r:   289.948387 | avg_r:   558.212460 | e:   0.170150 | Q: 1186.980713 | won: False 
# 6900 | steps_t: 83278 | t: 2851.149126 | r:  1928.877419 | avg_r:   562.311781 | e:   0.167220 | Q: 1190.311401 | won: False 
# 6950 | steps_t: 83624 | t: 2870.857634 | r:  2075.698925 | avg_r:   567.283343 | e:   0.163760 | Q: 1331.689209 | won: False 
# 7000 | steps_t: 83890 | t: 2886.306922 | r:  2044.404301 | avg_r:   570.563018 | e:   0.161100 | Q: 1285.333252 | won: False 
# 7050 | steps_t: 84206 | t: 2904.463495 | r:  1633.277419 | avg_r:   575.029482 | e:   0.157940 | Q: 1252.229248 | won: False 
# 7100 | steps_t: 84550 | t: 2924.178112 | r:  1046.129032 | avg_r:   579.592852 | e:   0.154500 | Q: 1193.722168 | won: False 
# 7150 | steps_t: 84820 | t: 2939.865302 | r:   188.443011 | avg_r:   583.624057 | e:   0.151800 | Q: 1180.456787 | won: False 
# 7200 | steps_t: 85094 | t: 2957.529933 | r:  1480.361290 | avg_r:   586.471845 | e:   0.149060 | Q: 1199.429688 | won: False 
# 7250 | steps_t: 85376 | t: 2974.095143 | r:   573.969892 | avg_r:   589.891223 | e:   0.146240 | Q: 1162.083618 | won: False 
# 7300 | steps_t: 85699 | t: 2992.570066 | r:  2272.152688 | avg_r:   594.040459 | e:   0.143010 | Q: 1106.151611 | won: False 
# 7350 | steps_t: 85980 | t: 3009.545020 | r:  1749.066667 | avg_r:   597.512399 | e:   0.140200 | Q: 1099.246094 | won: False 
# 7400 | steps_t: 86395 | t: 3034.654436 | r:   777.150538 | avg_r:   602.584668 | e:   0.136050 | Q: 1151.974976 | won: False 
# 7450 | steps_t: 86809 | t: 3059.121941 | r:    51.632258 | avg_r:   606.243190 | e:   0.131910 | Q: 1259.190796 | won: False 
# 7500 | steps_t: 87129 | t: 3077.588874 | r:  1319.045161 | avg_r:   609.625397 | e:   0.128710 | Q: 1252.694336 | won: False 
# 7550 | steps_t: 87424 | t: 3095.361727 | r:  1576.255914 | avg_r:   613.050239 | e:   0.125760 | Q: 1240.503540 | won: False 
# 7600 | steps_t: 87728 | t: 3112.421306 | r:  1813.782796 | avg_r:   615.992260 | e:   0.122720 | Q: 1121.209229 | won: False 
# 7650 | steps_t: 88137 | t: 3136.130927 | r:   582.075269 | avg_r:   619.925605 | e:   0.118630 | Q: 1092.648682 | won: False 
# 7700 | steps_t: 88470 | t: 3154.493907 | r:     3.126882 | avg_r:   624.153202 | e:   0.115300 | Q: 1154.589966 | won: False 
# 7750 | steps_t: 88816 | t: 3173.865175 | r:   914.896774 | avg_r:   627.443407 | e:   0.111840 | Q: 1174.148193 | won: False 
# 7800 | steps_t: 89143 | t: 3192.838657 | r:  1364.950538 | avg_r:   630.991865 | e:   0.108570 | Q: 1172.993042 | won: False 
# 7850 | steps_t: 89537 | t: 3215.229215 | r:  1711.172043 | avg_r:   634.130748 | e:   0.104630 | Q: 1178.927368 | won: False 
# 7900 | steps_t: 89913 | t: 3237.765586 | r:   995.602151 | avg_r:   638.289302 | e:   0.100870 | Q: 1097.095337 | won: False 
# 7950 | steps_t: 90229 | t: 3256.157781 | r:  1576.150538 | avg_r:   641.980429 | e:   0.097710 | Q: 1169.622314 | won: False 
# 8000 | steps_t: 90567 | t: 3275.107784 | r:  1629.761290 | avg_r:   645.682227 | e:   0.094330 | Q: 1176.558105 | won: False 
# 8050 | steps_t: 90820 | t: 3289.574120 | r:   260.948387 | avg_r:   648.482171 | e:   0.091800 | Q: 1134.545776 | won: False 
# 8100 | steps_t: 91198 | t: 3310.843051 | r:   467.864516 | avg_r:   652.144248 | e:   0.088020 | Q: 1114.178589 | won: False 
# 8150 | steps_t: 91561 | t: 3331.710342 | r:  1465.550538 | avg_r:   656.244491 | e:   0.084390 | Q: 1162.127075 | won: False 
# 8200 | steps_t: 91863 | t: 3349.539631 | r:  1990.593548 | avg_r:   660.184991 | e:   0.081370 | Q: 1145.377075 | won: False 
# 8250 | steps_t: 92236 | t: 3372.720027 | r:  1521.150538 | avg_r:   663.875982 | e:   0.077640 | Q: 1223.077759 | won: False 
# 8300 | steps_t: 92515 | t: 3390.238682 | r:   258.548387 | avg_r:   667.054645 | e:   0.074850 | Q: 1147.299072 | won: False 
# 8350 | steps_t: 92796 | t: 3406.288135 | r:  1659.161290 | avg_r:   670.659348 | e:   0.072040 | Q: 1139.640137 | won: False 
# 8400 | steps_t: 93091 | t: 3422.937439 | r:   890.096774 | avg_r:   673.639439 | e:   0.069090 | Q: 1184.926392 | won: False 
# 8450 | steps_t: 93452 | t: 3444.988110 | r:  1715.466667 | avg_r:   676.861440 | e:   0.065480 | Q: 1168.172119 | won: False 
# 8500 | steps_t: 93774 | t: 3464.626644 | r:  1657.961290 | avg_r:   680.126049 | e:   0.062260 | Q: 1001.100037 | won: False 
# 8550 | steps_t: 94070 | t: 3482.658642 | r:  1291.129032 | avg_r:   683.146385 | e:   0.059300 | Q: 1094.452148 | won: False 
# 8600 | steps_t: 94412 | t: 3503.863971 | r:   710.086022 | avg_r:   686.720485 | e:   0.055880 | Q: 1197.393921 | won: False 
# 8650 | steps_t: 94705 | t: 3521.639486 | r:  1088.412903 | avg_r:   690.619744 | e:   0.052950 | Q: 1286.827881 | won: False 
# 8700 | steps_t: 95153 | t: 3548.314699 | r:   838.591398 | avg_r:   693.466142 | e:   0.050000 | Q: 1109.603760 | won: False 
# 8750 | steps_t: 95464 | t: 3567.616064 | r:   431.759140 | avg_r:   696.111855 | e:   0.050000 | Q: 1166.476440 | won: False 
# 8800 | steps_t: 95834 | t: 3590.436877 | r:  2095.298925 | avg_r:   699.864813 | e:   0.050000 | Q: 1180.962158 | won: False 
# 8850 | steps_t: 96196 | t: 3613.240591 | r:  1629.161290 | avg_r:   702.528774 | e:   0.050000 | Q: 1184.320312 | won: False 
# 8900 | steps_t: 96445 | t: 3628.876180 | r:   980.402151 | avg_r:   706.206796 | e:   0.050000 | Q: 1190.495728 | won: False 
# 8950 | steps_t: 96801 | t: 3651.200157 | r:  1724.277419 | avg_r:   709.799239 | e:   0.050000 | Q: 1100.411865 | won: False 
# 9000 | steps_t: 97169 | t: 3673.662489 | r:   735.380645 | avg_r:   713.638710 | e:   0.050000 | Q: 1295.307495 | won: False 
# 9050 | steps_t: 97610 | t: 3700.509824 | r:  1009.707527 | avg_r:   717.200437 | e:   0.050000 | Q: 1233.060669 | won: False 
# 9100 | steps_t: 97910 | t: 3720.945144 | r:  1489.445161 | avg_r:   720.809249 | e:   0.050000 | Q: 1244.822754 | won: False 
# 9150 | steps_t: 98221 | t: 3739.596437 | r:  1326.129032 | avg_r:   724.389806 | e:   0.050000 | Q: 1298.449219 | won: False 
# 9200 | steps_t: 98542 | t: 3759.888879 | r:  1001.002151 | avg_r:   727.835959 | e:   0.050000 | Q: 1245.333740 | won: False 
# 9250 | steps_t: 98866 | t: 3780.170960 | r:  1981.982796 | avg_r:   731.623967 | e:   0.050000 | Q: 1175.498535 | won: False 
# 9300 | steps_t: 99156 | t: 3797.588138 | r:  1969.888172 | avg_r:   735.517430 | e:   0.050000 | Q: 1235.286743 | won: False 
# 9350 | steps_t: 99548 | t: 3824.040964 | r:  1725.361290 | avg_r:   739.468662 | e:   0.050000 | Q: 1211.641479 | won: False 
# 9400 | steps_t: 99872 | t: 3842.748158 | r:  1016.729032 | avg_r:   742.896406 | e:   0.050000 | Q: 1305.689087 | won: False 
# 9450 | steps_t: 100239 | t: 3864.892014 | r:  1470.845161 | avg_r:   747.537669 | e:   0.050000 | Q: 1316.453735 | won: False 
# 9500 | steps_t: 100544 | t: 3883.428461 | r:  1524.845161 | avg_r:   751.604777 | e:   0.050000 | Q: 1250.326294 | won: False 
# 9550 | steps_t: 100896 | t: 3905.107460 | r:   568.969892 | avg_r:   755.387746 | e:   0.050000 | Q: 1286.354614 | won: False 
# 9600 | steps_t: 101224 | t: 3925.331131 | r:  1540.361290 | avg_r:   759.090067 | e:   0.050000 | Q: 1271.021362 | won: False 
# 9650 | steps_t: 101564 | t: 3946.438772 | r:  1695.361290 | avg_r:   763.242146 | e:   0.050000 | Q: 1287.670898 | won: False 
# 9700 | steps_t: 101930 | t: 3969.292734 | r:   503.264516 | avg_r:   767.207669 | e:   0.050000 | Q: 1441.505737 | won: False 
# 9750 | steps_t: 102266 | t: 3989.040902 | r:  1282.529032 | avg_r:   770.654972 | e:   0.050000 | Q: 1209.342163 | won: False 
# 9800 | steps_t: 102603 | t: 4008.241133 | r:   410.653763 | avg_r:   773.280134 | e:   0.050000 | Q: 1286.550537 | won: False 
# 9850 | steps_t: 102969 | t: 4029.764209 | r:   709.686022 | avg_r:   777.288957 | e:   0.050000 | Q: 1226.611328 | won: False 
# 9900 | steps_t: 103313 | t: 4050.863460 | r:  1812.761290 | avg_r:   780.949528 | e:   0.050000 | Q: 1296.894775 | won: False 
# 9950 | steps_t: 103617 | t: 4069.460003 | r:  2029.782796 | avg_r:   783.907083 | e:   0.050000 | Q: 1353.719849 | won: False 
# 10000 | steps_t: 104034 | t: 4095.525099 | r:  1353.139785 | avg_r:   787.870572 | e:   0.050000 | Q: 1205.702637 | won: False 
