#    1 | steps_t: 104094 | t: 0.083312 | r:  1682.055914 | avg_r:  1682.055914 | e:   0.000000 | Q: 1353.276855 | won: False | game_score: -239 
#    2 | steps_t: 104094 | t: 0.149688 | r:  1672.055914 | avg_r:  1677.055914 | e:   0.000000 | Q: 1353.276855 | won: False | game_score: -239 
#    3 | steps_t: 104094 | t: 0.370009 | r:  1573.866667 | avg_r:  1642.659498 | e:   0.000000 | Q: 1353.276855 | won: False | game_score: -284 
#    4 | steps_t: 104094 | t: 0.400225 | r:  1001.002151 | avg_r:  1482.245161 | e:   0.000000 | Q: 1353.276855 | won: False | game_score: -329 
#    5 | steps_t: 104094 | t: 0.499645 | r:  1736.361290 | avg_r:  1533.068387 | e:   0.000000 | Q: 1353.276855 | won: False | game_score: -239 
#    6 | steps_t: 104094 | t: 0.599824 | r:  1611.361290 | avg_r:  1546.117204 | e:   0.000000 | Q: 1353.276855 | won: False | game_score: -249 
#    7 | steps_t: 104094 | t: 0.998003 | r:  1665.309677 | avg_r:  1563.144700 | e:   0.000000 | Q: 1353.276855 | won: False | game_score: -286 
#    8 | steps_t: 104097 | t: 1.300428 | r:  1867.677419 | avg_r:  1601.211290 | e:   0.000000 | Q: 1353.276855 | won: False | game_score: -253 
#    9 | steps_t: 104102 | t: 1.539034 | r:  1530.550538 | avg_r:  1593.360096 | e:   0.000000 | Q: 1371.456055 | won: False | game_score: -254 
#   10 | steps_t: 104106 | t: 1.750995 | r:  1387.139785 | avg_r:  1572.738065 | e:   0.000000 | Q: 1381.141968 | won: False | game_score: -273 
#   11 | steps_t: 104114 | t: 2.175170 | r:  1641.961290 | avg_r:  1579.031085 | e:   0.000000 | Q: 1381.106201 | won: False | game_score: -264 
#   12 | steps_t: 104133 | t: 3.187971 | r:  1238.729032 | avg_r:  1550.672581 | e:   0.000000 | Q: 1368.234375 | won: False | game_score: -409 
#   13 | steps_t: 104135 | t: 3.296502 | r:   771.886022 | avg_r:  1490.765922 | e:   0.000000 | Q: 1346.008057 | won: False | game_score: -357 
#   14 | steps_t: 104136 | t: 3.350269 | r:   432.159140 | avg_r:  1415.151152 | e:   0.000000 | Q: 1350.500366 | won: False | game_score: -401 
#   15 | steps_t: 104140 | t: 3.555871 | r:  1478.339785 | avg_r:  1419.363728 | e:   0.000000 | Q: 1351.085449 | won: False | game_score: -275 
#   16 | steps_t: 104148 | t: 3.971915 | r:  1559.361290 | avg_r:  1428.113575 | e:   0.000000 | Q: 1349.567505 | won: False | game_score: -266 
#   17 | steps_t: 104151 | t: 4.133795 | r:  1001.002151 | avg_r:  1402.989374 | e:   0.000000 | Q: 1347.868774 | won: False | game_score: -329 
#   18 | steps_t: 104164 | t: 4.799303 | r:  1699.172043 | avg_r:  1419.443967 | e:   0.000000 | Q: 1344.833740 | won: False | game_score: -288 
#   19 | steps_t: 104171 | t: 5.186575 | r:  1545.550538 | avg_r:  1426.081154 | e:   0.000000 | Q: 1277.874634 | won: False | game_score: -281 
#   20 | steps_t: 104174 | t: 5.332119 | r:  1001.002151 | avg_r:  1404.827204 | e:   0.000000 | Q: 1223.618530 | won: False | game_score: -329 
#   21 | steps_t: 104186 | t: 5.947883 | r:  1381.361290 | avg_r:  1403.709780 | e:   0.000000 | Q: 1207.304688 | won: False | game_score: -299 
#   22 | steps_t: 104189 | t: 6.091847 | r:   725.380645 | avg_r:  1372.876637 | e:   0.000000 | Q: 1215.361450 | won: False | game_score: -368 
#   23 | steps_t: 104196 | t: 6.447910 | r:  1820.277419 | avg_r:  1392.328845 | e:   0.000000 | Q: 1216.152344 | won: False | game_score: -226 
#   24 | steps_t: 104201 | t: 6.700151 | r:  1550.550538 | avg_r:  1398.921416 | e:   0.000000 | Q: 1225.586060 | won: False | game_score: -263 
#   25 | steps_t: 104204 | t: 6.847469 | r:  1143.212903 | avg_r:  1388.693075 | e:   0.000000 | Q: 1263.533936 | won: False | game_score: -311 
#   26 | steps_t: 104206 | t: 6.949275 | r:   503.264516 | avg_r:  1354.638131 | e:   0.000000 | Q: 1282.025635 | won: False | game_score: -392 
#   27 | steps_t: 104207 | t: 6.999848 | r:   198.843011 | avg_r:  1311.830904 | e:   0.000000 | Q: 1285.938354 | won: False | game_score: -433 
#   28 | steps_t: 104213 | t: 7.349270 | r:  1838.877419 | avg_r:  1330.653994 | e:   0.000000 | Q: 1286.653564 | won: False | game_score: -217 
#   29 | steps_t: 104215 | t: 7.433659 | r:   235.348387 | avg_r:  1292.884835 | e:   0.000000 | Q: 1287.835571 | won: False | game_score: -422 
#   30 | steps_t: 104220 | t: 7.695046 | r:  1535.950538 | avg_r:  1300.987025 | e:   0.000000 | Q: 1286.206177 | won: False | game_score: -263 
#   31 | steps_t: 104231 | t: 8.240219 | r:  1586.372043 | avg_r:  1310.192993 | e:   0.000000 | Q: 1300.576660 | won: False | game_score: -268 
#   32 | steps_t: 104238 | t: 8.604929 | r:  1622.055914 | avg_r:  1319.938710 | e:   0.000000 | Q: 1272.842041 | won: False | game_score: -268 
#   33 | steps_t: 104243 | t: 8.851567 | r:  1600.950538 | avg_r:  1328.454220 | e:   0.000000 | Q: 1218.207153 | won: False | game_score: -257 
#   34 | steps_t: 104245 | t: 8.965790 | r:  1001.002151 | avg_r:  1318.823276 | e:   0.000000 | Q: 1197.941162 | won: False | game_score: -329 
#   35 | steps_t: 104253 | t: 9.360952 | r:  1810.572043 | avg_r:  1332.873241 | e:   0.000000 | Q: 1193.912964 | won: False | game_score: -239 
#   36 | steps_t: 104258 | t: 9.663312 | r:  1550.055914 | avg_r:  1338.906093 | e:   0.000000 | Q: 1170.109375 | won: False | game_score: -252 
#   37 | steps_t: 104260 | t: 9.764977 | r:   701.580645 | avg_r:  1321.681081 | e:   0.000000 | Q: 1182.955933 | won: False | game_score: -365 
#   38 | steps_t: 104262 | t: 9.850730 | r:   680.075269 | avg_r:  1304.796718 | e:   0.000000 | Q: 1190.119995 | won: False | game_score: -375 
#   39 | steps_t: 104284 | t: 10.944301 | r:  1267.604301 | avg_r:  1303.843066 | e:   0.000000 | Q: 1195.055176 | won: False | game_score: -295 
#   40 | steps_t: 104302 | t: 11.882749 | r:  2050.215054 | avg_r:  1322.502366 | e:   0.000000 | Q: 1233.236572 | won: False | game_score: -244 
#   41 | steps_t: 104329 | t: 13.235025 | r:  2037.120430 | avg_r:  1339.932074 | e:   0.000000 | Q: 1207.861450 | won: False | game_score: -303 
#   42 | steps_t: 104331 | t: 13.344275 | r:   573.969892 | avg_r:  1321.694880 | e:   0.000000 | Q: 1194.102417 | won: False | game_score: -384 
#   43 | steps_t: 104334 | t: 13.498998 | r:   625.780645 | avg_r:  1305.510828 | e:   0.000000 | Q: 1186.570801 | won: False | game_score: -372 
#   44 | steps_t: 104342 | t: 13.930386 | r:  1533.055914 | avg_r:  1310.682307 | e:   0.000000 | Q: 1178.326538 | won: False | game_score: -277 
#   45 | steps_t: 104344 | t: 14.034799 | r:   548.769892 | avg_r:  1293.750920 | e:   0.000000 | Q: 1166.892212 | won: False | game_score: -387 
#   46 | steps_t: 104345 | t: 14.116621 | r:   186.843011 | avg_r:  1269.687705 | e:   0.000000 | Q: 1166.031860 | won: False | game_score: -434 
#   47 | steps_t: 104350 | t: 14.350080 | r:  1560.950538 | avg_r:  1275.884786 | e:   0.000000 | Q: 1164.735718 | won: False | game_score: -253 
#   48 | steps_t: 104358 | t: 14.765650 | r:  1630.266667 | avg_r:  1283.267742 | e:   0.000000 | Q: 1150.807373 | won: False | game_score: -258 
#   49 | steps_t: 104361 | t: 14.913583 | r:  1356.529032 | avg_r:  1284.762870 | e:   0.000000 | Q: 1156.697144 | won: False | game_score: -284 
#   50 | steps_t: 104363 | t: 15.015085 | r:   766.180645 | avg_r:  1274.391226 | e:   0.000000 | Q: 1162.720581 | won: False | game_score: -366 
#   51 | steps_t: 104367 | t: 15.242846 | r:  1526.361290 | avg_r:  1279.331815 | e:   0.000000 | Q: 1166.645996 | won: False | game_score: -239 
#   52 | steps_t: 104379 | t: 15.870152 | r:  2719.541935 | avg_r:  1307.028164 | e:   0.000000 | Q: 1167.502197 | won: False | game_score: -146 
#   53 | steps_t: 104380 | t: 15.937560 | r:   623.969892 | avg_r:  1294.140272 | e:   0.000000 | Q: 1205.570557 | won: False | game_score: -384 
#   54 | steps_t: 104382 | t: 16.052375 | r:  1103.212903 | avg_r:  1290.604580 | e:   0.000000 | Q: 1207.704224 | won: False | game_score: -311 
#   55 | steps_t: 104388 | t: 16.375123 | r:  1714.866667 | avg_r:  1298.318436 | e:   0.000000 | Q: 1207.197144 | won: False | game_score: -235 
#   56 | steps_t: 104394 | t: 16.710214 | r:  1622.655914 | avg_r:  1304.110177 | e:   0.000000 | Q: 1205.263672 | won: False | game_score: -254 
#   57 | steps_t: 104400 | t: 17.021593 | r:  1592.655914 | avg_r:  1309.172383 | e:   0.000000 | Q: 1178.955566 | won: False | game_score: -261 
#   58 | steps_t: 104406 | t: 17.332187 | r:  1644.961290 | avg_r:  1314.961846 | e:   0.000000 | Q: 1158.122803 | won: False | game_score: -246 
#   59 | steps_t: 104411 | t: 17.595045 | r:  1525.950538 | avg_r:  1318.537926 | e:   0.000000 | Q: 1138.441162 | won: False | game_score: -263 
#   60 | steps_t: 104430 | t: 18.614927 | r:  2877.268817 | avg_r:  1344.516774 | e:   0.000000 | Q: 1131.571045 | won: False | game_score: -152 
#   61 | steps_t: 104433 | t: 18.781958 | r:  1494.445161 | avg_r:  1346.974617 | e:   0.000000 | Q: 1095.937500 | won: False | game_score: -258 
#   62 | steps_t: 104438 | t: 19.030245 | r:  1672.055914 | avg_r:  1352.217863 | e:   0.000000 | Q: 1087.869995 | won: False | game_score: -250 
#   63 | steps_t: 104442 | t: 19.229257 | r:  1397.234409 | avg_r:  1352.932412 | e:   0.000000 | Q: 1089.100098 | won: False | game_score: -276 
#   64 | steps_t: 104447 | t: 19.493639 | r:  1647.055914 | avg_r:  1357.528091 | e:   0.000000 | Q: 1088.256226 | won: False | game_score: -254 
#   65 | steps_t: 104449 | t: 19.589593 | r:   488.264516 | avg_r:  1344.154806 | e:   0.000000 | Q: 1095.945068 | won: False | game_score: -392 
#   66 | steps_t: 104467 | t: 20.499797 | r:  2391.341935 | avg_r:  1360.021277 | e:   0.000000 | Q: 1104.444580 | won: False | game_score: -193 
#   67 | steps_t: 104478 | t: 21.073069 | r:  2576.131183 | avg_r:  1378.172171 | e:   0.000000 | Q: 1178.480347 | won: False | game_score: -156 
#   68 | steps_t: 104480 | t: 21.168572 | r:   670.075269 | avg_r:  1367.758982 | e:   0.000000 | Q: 1222.506714 | won: False | game_score: -375 
#   69 | steps_t: 104482 | t: 21.281061 | r:   986.002151 | avg_r:  1362.226274 | e:   0.000000 | Q: 1228.097168 | won: False | game_score: -329 
#   70 | steps_t: 104489 | t: 21.634181 | r:  1621.055914 | avg_r:  1365.923840 | e:   0.000000 | Q: 1230.960205 | won: False | game_score: -260 
#   71 | steps_t: 104515 | t: 23.102335 | r:  2320.531183 | avg_r:  1379.369014 | e:   0.000000 | Q: 1195.806030 | won: False | game_score: -81 
#   72 | steps_t: 104517 | t: 23.195841 | r:   432.159140 | avg_r:  1366.213321 | e:   0.000000 | Q: 1247.589478 | won: False | game_score: -401 
#   73 | steps_t: 104526 | t: 23.681069 | r:  1618.561290 | avg_r:  1369.670143 | e:   0.000000 | Q: 1252.510864 | won: False | game_score: -271 
#   74 | steps_t: 104528 | t: 23.788752 | r:   695.075269 | avg_r:  1360.553996 | e:   0.000000 | Q: 1254.974731 | won: False | game_score: -375 
#   75 | steps_t: 104532 | t: 23.998705 | r:  1821.761290 | avg_r:  1366.703427 | e:   0.000000 | Q: 1257.454346 | won: False | game_score: -231 
#   76 | steps_t: 104545 | t: 24.681969 | r:  1782.372043 | avg_r:  1372.172750 | e:   0.000000 | Q: 1238.172485 | won: False | game_score: -286 
#   77 | steps_t: 104549 | t: 24.892457 | r:  1372.434409 | avg_r:  1372.176149 | e:   0.000000 | Q: 1110.632202 | won: False | game_score: -278 
#   78 | steps_t: 104555 | t: 25.225554 | r:  1607.655914 | avg_r:  1375.195120 | e:   0.000000 | Q: 1100.291016 | won: False | game_score: -258 
#   79 | steps_t: 104558 | t: 25.381869 | r:  1128.212903 | avg_r:  1372.068763 | e:   0.000000 | Q: 1110.629517 | won: False | game_score: -311 
#   80 | steps_t: 104566 | t: 25.817727 | r:  1764.572043 | avg_r:  1376.975054 | e:   0.000000 | Q: 1123.204834 | won: False | game_score: -249 
#   81 | steps_t: 104574 | t: 26.236578 | r:  1614.655914 | avg_r:  1379.909385 | e:   0.000000 | Q: 1169.980713 | won: False | game_score: -272 
#   82 | steps_t: 104579 | t: 26.515744 | r:  2129.993548 | avg_r:  1389.056753 | e:   0.000000 | Q: 1208.443481 | won: False | game_score: -178 
#   83 | steps_t: 104582 | t: 26.667739 | r:  1143.212903 | avg_r:  1386.094779 | e:   0.000000 | Q: 1202.681641 | won: False | game_score: -311 
#   84 | steps_t: 104588 | t: 26.994627 | r:  1834.172043 | avg_r:  1391.429032 | e:   0.000000 | Q: 1190.234741 | won: False | game_score: -232 
#   85 | steps_t: 104591 | t: 27.174684 | r:  1316.529032 | avg_r:  1390.547856 | e:   0.000000 | Q: 1176.204590 | won: False | game_score: -284 
#   86 | steps_t: 104596 | t: 27.498425 | r:  2191.498925 | avg_r:  1399.861240 | e:   0.000000 | Q: 1174.443359 | won: False | game_score: -173 
#   87 | steps_t: 104598 | t: 27.609111 | r:   645.475269 | avg_r:  1391.190137 | e:   0.000000 | Q: 1172.104126 | won: False | game_score: -374 
#   88 | steps_t: 104603 | t: 27.897897 | r:  1683.055914 | avg_r:  1394.506794 | e:   0.000000 | Q: 1167.145630 | won: False | game_score: -250 
#   89 | steps_t: 104616 | t: 28.598844 | r:  2048.098925 | avg_r:  1401.850526 | e:   0.000000 | Q: 1134.847290 | won: False | game_score: -229 
#   90 | steps_t: 104620 | t: 28.816130 | r:  1757.161290 | avg_r:  1405.798423 | e:   0.000000 | Q: 1137.816162 | won: False | game_score: -236 
#   91 | steps_t: 104623 | t: 28.986254 | r:   975.602151 | avg_r:  1401.070991 | e:   0.000000 | Q: 1146.081055 | won: False | game_score: -330 
#   92 | steps_t: 104626 | t: 29.162942 | r:  1569.845161 | avg_r:  1402.905493 | e:   0.000000 | Q: 1155.393311 | won: False | game_score: -257 
#   93 | steps_t: 104628 | t: 29.278980 | r:   257.948387 | avg_r:  1390.594126 | e:   0.000000 | Q: 1166.201904 | won: False | game_score: -423 
#   94 | steps_t: 104633 | t: 29.551952 | r:  1628.855914 | avg_r:  1393.128826 | e:   0.000000 | Q: 1171.765869 | won: False | game_score: -250 
#   95 | steps_t: 104642 | t: 30.032487 | r:  1769.877419 | avg_r:  1397.094601 | e:   0.000000 | Q: 1186.282837 | won: False | game_score: -238 
#   96 | steps_t: 104664 | t: 31.277240 | r:  2288.625806 | avg_r:  1406.381384 | e:   0.000000 | Q: 1206.016479 | won: False | game_score: -257 
#   97 | steps_t: 104666 | t: 31.395151 | r:   695.075269 | avg_r:  1399.048332 | e:   0.000000 | Q: 1166.632446 | won: False | game_score: -375 
#   98 | steps_t: 104675 | t: 31.883653 | r:  1763.266667 | avg_r:  1402.764845 | e:   0.000000 | Q: 1174.350098 | won: False | game_score: -259 
#   99 | steps_t: 104678 | t: 32.037671 | r:  1000.202151 | avg_r:  1398.698555 | e:   0.000000 | Q: 1214.820068 | won: False | game_score: -331 
#  100 | steps_t: 104691 | t: 32.756039 | r:  1549.161290 | avg_r:  1400.203183 | e:   0.000000 | Q: 1236.551392 | won: False | game_score: -310 
#  101 | steps_t: 104714 | t: 34.009135 | r:  2047.498925 | avg_r:  1406.612052 | e:   0.000000 | Q: 1316.526123 | won: False | game_score: -317 
#  102 | steps_t: 104719 | t: 34.277099 | r:  1734.761290 | avg_r:  1409.829201 | e:   0.000000 | Q: 1253.960083 | won: False | game_score: -239 
#  103 | steps_t: 104720 | t: 34.343943 | r:   432.159140 | avg_r:  1400.337259 | e:   0.000000 | Q: 1247.523682 | won: False | game_score: -401 
#  104 | steps_t: 104721 | t: 34.417100 | r:   645.475269 | avg_r:  1393.078970 | e:   0.000000 | Q: 1242.815186 | won: False | game_score: -374 
#  105 | steps_t: 104727 | t: 34.740013 | r:  1619.161290 | avg_r:  1395.232135 | e:   0.000000 | Q: 1234.113281 | won: False | game_score: -244 
#  106 | steps_t: 104730 | t: 34.890792 | r:   975.602151 | avg_r:  1391.273362 | e:   0.000000 | Q: 1166.132935 | won: False | game_score: -330 
#  107 | steps_t: 104737 | t: 35.284007 | r:  1636.466667 | avg_r:  1393.564888 | e:   0.000000 | Q: 1147.136353 | won: False | game_score: -252 
#  108 | steps_t: 104739 | t: 35.415778 | r:  1072.107527 | avg_r:  1390.588431 | e:   0.000000 | Q: 1148.873047 | won: False | game_score: -320 
#  109 | steps_t: 104742 | t: 35.566888 | r:   991.002151 | avg_r:  1386.922502 | e:   0.000000 | Q: 1153.026855 | won: False | game_score: -329 
#  110 | steps_t: 104746 | t: 35.808359 | r:  1735.361290 | avg_r:  1390.090127 | e:   0.000000 | Q: 1170.480103 | won: False | game_score: -238 
#  111 | steps_t: 104752 | t: 36.145223 | r:  1936.877419 | avg_r:  1395.016139 | e:   0.000000 | Q: 1185.981079 | won: False | game_score: -222 
#  112 | steps_t: 104762 | t: 36.690008 | r:  1351.255914 | avg_r:  1394.625422 | e:   0.000000 | Q: 1170.895996 | won: False | game_score: -288 
#  113 | steps_t: 104770 | t: 37.113695 | r:  1787.372043 | avg_r:  1398.101056 | e:   0.000000 | Q: 1181.224854 | won: False | game_score: -241 
#  114 | steps_t: 104775 | t: 37.393734 | r:  1711.361290 | avg_r:  1400.848953 | e:   0.000000 | Q: 1207.853027 | won: False | game_score: -243 
#  115 | steps_t: 104779 | t: 37.598138 | r:  1569.845161 | avg_r:  1402.318485 | e:   0.000000 | Q: 1209.613281 | won: False | game_score: -257 
#  116 | steps_t: 104806 | t: 39.045834 | r:  1381.561290 | avg_r:  1402.139544 | e:   0.000000 | Q: 1208.231323 | won: False | game_score: -414 
#  117 | steps_t: 104807 | t: 39.115343 | r:   623.969892 | avg_r:  1395.488521 | e:   0.000000 | Q: 1208.628296 | won: False | game_score: -384 
#  118 | steps_t: 104809 | t: 39.230875 | r:   976.002151 | avg_r:  1391.933552 | e:   0.000000 | Q: 1215.378052 | won: False | game_score: -329 
#  119 | steps_t: 104811 | t: 39.348367 | r:   695.075269 | avg_r:  1386.077600 | e:   0.000000 | Q: 1224.125000 | won: False | game_score: -375 
#  120 | steps_t: 104814 | t: 39.496600 | r:  1000.602151 | avg_r:  1382.865305 | e:   0.000000 | Q: 1232.082275 | won: False | game_score: -330 
#  121 | steps_t: 104827 | t: 40.205557 | r:  2315.531183 | avg_r:  1390.573287 | e:   0.000000 | Q: 1243.076172 | won: False | game_score: -177 
#  122 | steps_t: 104844 | t: 41.125954 | r:  2720.352688 | avg_r:  1401.473118 | e:   0.000000 | Q: 1280.515015 | won: False | game_score: -167 
#  123 | steps_t: 104855 | t: 41.731043 | r:  2193.204301 | avg_r:  1407.909957 | e:   0.000000 | Q: 1158.492188 | won: False | game_score: -204 
#  124 | steps_t: 104863 | t: 42.180887 | r:  1501.455914 | avg_r:  1408.664360 | e:   0.000000 | Q: 1153.595093 | won: False | game_score: -275 
#  125 | steps_t: 104866 | t: 42.352004 | r:   950.602151 | avg_r:  1404.999862 | e:   0.000000 | Q: 1176.760864 | won: False | game_score: -330 
