#   50 | steps_t: 104262 | t: 12.262984 | r:  1529.445161 | avg_r:  1490.942667 | e:   0.050000 | Q: 1328.413086 | won: False 
#  100 | steps_t: 104575 | t: 28.371321 | r:  1214.318280 | avg_r:  1520.557763 | e:   0.050000 | Q: 1350.561401 | won: False 
#  150 | steps_t: 104949 | t: 48.939060 | r:  2188.425806 | avg_r:  1527.549118 | e:   0.050000 | Q: 1339.990967 | won: False 
#  200 | steps_t: 105290 | t: 69.354135 | r:   432.159140 | avg_r:  1522.312839 | e:   0.050000 | Q: 1373.770508 | won: False 
#  250 | steps_t: 105573 | t: 86.924424 | r:  1534.445161 | avg_r:  1512.018202 | e:   0.050000 | Q: 1340.206665 | won: False 
#  300 | steps_t: 105891 | t: 108.484176 | r:   950.202151 | avg_r:  1501.581642 | e:   0.050000 | Q: 1249.106079 | won: False 
#  350 | steps_t: 106149 | t: 126.664315 | r:  2364.109677 | avg_r:  1517.068670 | e:   0.050000 | Q: 1273.785767 | won: False 
#  400 | steps_t: 106526 | t: 152.296012 | r:  2218.404301 | avg_r:  1553.511253 | e:   0.050000 | Q: 1478.477905 | won: False 
#  450 | steps_t: 106891 | t: 177.543338 | r:  2779.352688 | avg_r:  1560.208922 | e:   0.050000 | Q: 1236.175537 | won: False 
#  500 | steps_t: 107223 | t: 200.535109 | r:  2320.109677 | avg_r:  1558.381299 | e:   0.050000 | Q: 1368.292236 | won: False 
#  550 | steps_t: 107513 | t: 222.903862 | r:  2758.152688 | avg_r:  1556.475554 | e:   0.050000 | Q: 1298.425293 | won: False 
#  600 | steps_t: 107845 | t: 246.764170 | r:  1956.804301 | avg_r:  1557.207634 | e:   0.050000 | Q: 1387.689697 | won: False 
#  650 | steps_t: 108223 | t: 273.206561 | r:   662.580645 | avg_r:  1563.505317 | e:   0.050000 | Q: 1365.998779 | won: False 
#  700 | steps_t: 108484 | t: 297.790321 | r:  1097.412903 | avg_r:  1551.132197 | e:   0.050000 | Q: 1242.661865 | won: False 
#  750 | steps_t: 108789 | t: 322.914295 | r:  1692.055914 | avg_r:  1552.733242 | e:   0.050000 | Q: 1407.533203 | won: False 
#  800 | steps_t: 109106 | t: 345.692599 | r:  1252.434409 | avg_r:  1557.967215 | e:   0.050000 | Q: 1346.982300 | won: False 
#  850 | steps_t: 109396 | t: 367.745365 | r:  2295.815054 | avg_r:  1543.711216 | e:   0.050000 | Q: 1388.221313 | won: False 
#  900 | steps_t: 109775 | t: 396.424133 | r:  2060.498925 | avg_r:  1547.127852 | e:   0.050000 | Q: 1354.718994 | won: False 
#  950 | steps_t: 110108 | t: 420.213275 | r:  1919.172043 | avg_r:  1557.968987 | e:   0.050000 | Q: 1286.115234 | won: False 
# 1000 | steps_t: 110414 | t: 442.779424 | r:  2125.593548 | avg_r:  1561.007925 | e:   0.050000 | Q: 1490.747070 | won: False 
# 1050 | steps_t: 110854 | t: 475.094302 | r:  2301.909677 | avg_r:  1559.120584 | e:   0.050000 | Q: 1405.085205 | won: False 
# 1100 | steps_t: 111179 | t: 498.676600 | r:  1934.382796 | avg_r:  1560.496935 | e:   0.050000 | Q: 1408.702759 | won: False 
# 1150 | steps_t: 111481 | t: 519.769534 | r:  1935.582796 | avg_r:  1555.739544 | e:   0.050000 | Q: 1407.407104 | won: False 
# 1200 | steps_t: 111845 | t: 546.289883 | r:  1285.023656 | avg_r:  1561.849566 | e:   0.050000 | Q: 1445.185181 | won: False 
# 1250 | steps_t: 112246 | t: 575.508730 | r:   623.969892 | avg_r:  1564.159245 | e:   0.050000 | Q: 1427.031250 | won: False 
# 1300 | steps_t: 112613 | t: 602.483662 | r:  2577.541935 | avg_r:  1561.142958 | e:   0.050000 | Q: 1444.308838 | won: False 
# 1350 | steps_t: 112964 | t: 628.044046 | r:  2178.298925 | avg_r:  1563.487665 | e:   0.050000 | Q: 1466.254395 | won: False 
# 1400 | steps_t: 113344 | t: 655.812355 | r:  2057.109677 | avg_r:  1562.420183 | e:   0.050000 | Q: 1411.191650 | won: False 
# 1450 | steps_t: 113695 | t: 681.392629 | r:   611.180645 | avg_r:  1564.602346 | e:   0.050000 | Q: 1341.610352 | won: False 
# 1500 | steps_t: 114022 | t: 704.718834 | r:  1338.139785 | avg_r:  1565.157528 | e:   0.050000 | Q: 1429.504761 | won: False 
# 1550 | steps_t: 114447 | t: 734.702679 | r:   547.707527 | avg_r:  1564.873537 | e:   0.050000 | Q: 1397.323730 | won: False 
# 1600 | steps_t: 114790 | t: 758.674712 | r:   680.075269 | avg_r:  1563.473839 | e:   0.050000 | Q: 1372.884033 | won: False 
# 1650 | steps_t: 115118 | t: 782.163665 | r:  2200.825806 | avg_r:  1564.220549 | e:   0.050000 | Q: 1361.502319 | won: False 
# 1700 | steps_t: 115424 | t: 804.959840 | r:  1286.623656 | avg_r:  1564.086168 | e:   0.050000 | Q: 1443.328857 | won: False 
# 1750 | steps_t: 115746 | t: 829.216217 | r:   393.159140 | avg_r:  1561.501480 | e:   0.050000 | Q: 1514.255859 | won: False 
# 1800 | steps_t: 116134 | t: 859.024705 | r:  1263.918280 | avg_r:  1559.672626 | e:   0.050000 | Q: 1405.245728 | won: False 
# 1850 | steps_t: 116471 | t: 884.784705 | r:  1908.772043 | avg_r:  1560.855879 | e:   0.050000 | Q: 1626.408203 | won: False 
# 1900 | steps_t: 116897 | t: 914.702999 | r:  1281.129032 | avg_r:  1561.738786 | e:   0.050000 | Q: 1357.229126 | won: False 
# 1950 | steps_t: 117275 | t: 941.969564 | r:   537.864516 | avg_r:  1562.781240 | e:   0.050000 | Q: 1240.367676 | won: False 
# 2000 | steps_t: 117678 | t: 971.858508 | r:  2924.068817 | avg_r:  1564.121688 | e:   0.050000 | Q: 1478.681519 | won: False 
# 2050 | steps_t: 118009 | t: 994.914753 | r:  1672.055914 | avg_r:  1569.282002 | e:   0.050000 | Q: 1473.616699 | won: False 
# 2100 | steps_t: 118399 | t: 1021.458641 | r:  1487.950538 | avg_r:  1568.619280 | e:   0.050000 | Q: 1513.194702 | won: False 
# 2150 | steps_t: 118724 | t: 1044.796151 | r:  1276.129032 | avg_r:  1569.477523 | e:   0.050000 | Q: 1461.316895 | won: False 
# 2200 | steps_t: 119019 | t: 1066.505098 | r:  1832.761290 | avg_r:  1568.348737 | e:   0.050000 | Q: 1343.057251 | won: False 
# 2250 | steps_t: 119379 | t: 1092.810093 | r:   669.475269 | avg_r:  1571.506173 | e:   0.050000 | Q: 1377.763916 | won: False 
# 2300 | steps_t: 119715 | t: 1117.591312 | r:  2223.509677 | avg_r:  1573.910310 | e:   0.050000 | Q: 1532.049194 | won: False 
# 2350 | steps_t: 119999 | t: 1138.266520 | r:   641.180645 | avg_r:  1570.396976 | e:   0.050000 | Q: 1364.651855 | won: False 
# 2400 | steps_t: 120355 | t: 1164.427708 | r:  1954.477419 | avg_r:  1572.765116 | e:   0.050000 | Q: 1571.416626 | won: False 
# 2450 | steps_t: 120767 | t: 1194.483773 | r:  1207.529032 | avg_r:  1574.892630 | e:   0.050000 | Q: 1376.860474 | won: False 
# 2500 | steps_t: 121135 | t: 1220.836181 | r:   879.518280 | avg_r:  1575.020477 | e:   0.050000 | Q: 1369.970459 | won: False 
# 2550 | steps_t: 121537 | t: 1249.973412 | r:  1535.855914 | avg_r:  1579.510583 | e:   0.050000 | Q: 1387.316162 | won: False 
# 2600 | steps_t: 121848 | t: 1272.617886 | r:  1051.107527 | avg_r:  1579.108445 | e:   0.050000 | Q: 1481.461060 | won: False 
# 2650 | steps_t: 122185 | t: 1297.151350 | r:  2398.520430 | avg_r:  1580.824846 | e:   0.050000 | Q: 1486.747803 | won: False 
# 2700 | steps_t: 122502 | t: 1321.164716 | r:   979.496774 | avg_r:  1581.955622 | e:   0.050000 | Q: 1375.287109 | won: False 
# 2750 | steps_t: 122784 | t: 1340.896079 | r:  2061.382796 | avg_r:  1579.718624 | e:   0.050000 | Q: 1536.113770 | won: False 
# 2800 | steps_t: 123070 | t: 1361.558246 | r:  1817.793548 | avg_r:  1579.982906 | e:   0.050000 | Q: 1546.075439 | won: False 
# 2850 | steps_t: 123368 | t: 1383.390034 | r:   591.180645 | avg_r:  1579.766981 | e:   0.050000 | Q: 1342.427246 | won: False 
# 2900 | steps_t: 123705 | t: 1407.504694 | r:  1272.929032 | avg_r:  1578.451729 | e:   0.050000 | Q: 1458.879639 | won: False 
# 2950 | steps_t: 124047 | t: 1432.152129 | r:   296.453763 | avg_r:  1577.719310 | e:   0.050000 | Q: 1355.544067 | won: False 
# 3000 | steps_t: 124353 | t: 1454.344763 | r:   721.180645 | avg_r:  1579.992028 | e:   0.050000 | Q: 1410.492188 | won: False 
# 3050 | steps_t: 124658 | t: 1476.422933 | r:  2207.393548 | avg_r:  1581.901374 | e:   0.050000 | Q: 1434.030029 | won: False 
# 3100 | steps_t: 125009 | t: 1500.077251 | r:  1810.372043 | avg_r:  1582.706293 | e:   0.050000 | Q: 1268.902344 | won: False 
# 3150 | steps_t: 125441 | t: 1529.140660 | r:  1273.223656 | avg_r:  1585.422331 | e:   0.050000 | Q: 1442.482910 | won: False 
# 3200 | steps_t: 125797 | t: 1553.197028 | r:  1854.572043 | avg_r:  1588.285831 | e:   0.050000 | Q: 1389.175903 | won: False 
# 3250 | steps_t: 126138 | t: 1575.994823 | r:   881.791398 | avg_r:  1589.317965 | e:   0.050000 | Q: 1442.543701 | won: False 
