#   50 | steps_t:   588 | t: 24.853406 | r:  -697.000000 | avg_r:  -633.240000 | e:   0.988240 | Q: -148.141525 | won: False | game_score: -523 
#  100 | steps_t:  1225 | t: 54.043461 | r:  -599.000000 | avg_r:  -634.660000 | e:   0.975500 | Q: -186.992416 | won: False | game_score: -454 
#  150 | steps_t:  1923 | t: 93.561042 | r:  -579.000000 | avg_r:  -633.040000 | e:   0.961540 | Q: -232.846786 | won: False | game_score: -524 
#  200 | steps_t:  2576 | t: 137.193989 | r:  -563.000000 | avg_r:  -634.370000 | e:   0.948480 | Q: -174.942078 | won: False | game_score: -491 
#  250 | steps_t:  3200 | t: 182.232234 | r:  -557.000000 | avg_r:  -631.248000 | e:   0.936000 | Q:        nan | won: False | game_score: -528 
#  300 | steps_t:  3799 | t: 224.458949 | r:  -689.000000 | avg_r:  -632.573333 | e:   0.924020 | Q: -171.908234 | won: False | game_score: -574 
#  350 | steps_t:  4335 | t: 260.546148 | r:  -593.000000 | avg_r:  -627.125714 | e:   0.913300 | Q: -174.954468 | won: False | game_score: -521 
#  400 | steps_t:  4855 | t: 297.310530 | r:  -777.000000 | avg_r:  -624.825000 | e:   0.902900 | Q: -189.231873 | won: False | game_score: -483 
#  450 | steps_t:  5439 | t: 335.455039 | r:  -541.000000 | avg_r:  -622.582222 | e:   0.891220 | Q: -232.433640 | won: False | game_score: -520 
#  500 | steps_t:  6073 | t: 376.099109 | r:  -705.000000 | avg_r:  -620.456000 | e:   0.878540 | Q: -223.831390 | won: False | game_score: -547 
#  550 | steps_t:  6576 | t: 408.482561 | r:  -551.000000 | avg_r:  -617.821818 | e:   0.868480 | Q: -156.690628 | won: False | game_score: -525 
#  600 | steps_t:  7187 | t: 447.922440 | r:  -549.000000 | avg_r:  -616.166667 | e:   0.856260 | Q: -148.115112 | won: False | game_score: -384 
#  650 | steps_t:  7904 | t: 493.147903 | r:  -577.000000 | avg_r:  -616.058462 | e:   0.841920 | Q: -164.260742 | won: False | game_score: -528 
#  700 | steps_t:  8517 | t: 530.764116 | r:  -485.000000 | avg_r:  -616.257143 | e:   0.829660 | Q: -164.712265 | won: False | game_score: -437 
#  750 | steps_t:  9256 | t: 578.121719 | r:  -649.000000 | avg_r:  -617.136000 | e:   0.814880 | Q: -163.799622 | won: False | game_score: -479 
#  800 | steps_t:  9951 | t: 620.540347 | r: -1093.000000 | avg_r:  -617.650000 | e:   0.800980 | Q: -165.980789 | won: False | game_score: -586 
#  850 | steps_t: 10513 | t: 653.919278 | r:  -567.000000 | avg_r:  -617.091765 | e:   0.789740 | Q: -211.361511 | won: False | game_score: -533 
#  900 | steps_t: 11185 | t: 692.587476 | r:  -671.000000 | avg_r:  -616.613333 | e:   0.776300 | Q: -138.390732 | won: False | game_score: -505 
#  950 | steps_t: 11751 | t: 725.688122 | r:  -531.000000 | avg_r:  -615.778947 | e:   0.764980 | Q: -163.843384 | won: False | game_score: -515 
# 1000 | steps_t: 12315 | t: 758.955816 | r:  -705.000000 | avg_r:  -615.398000 | e:   0.753700 | Q: -200.504105 | won: False | game_score: -547 
# 1050 | steps_t: 12846 | t: 788.771644 | r:  -557.000000 | avg_r:  -614.327619 | e:   0.743080 | Q: -231.411758 | won: False | game_score: -483 
# 1100 | steps_t: 13234 | t: 810.448174 | r:  -707.000000 | avg_r:  -612.240000 | e:   0.735320 | Q: -188.886673 | won: False | game_score: -568 
# 1150 | steps_t: 13942 | t: 851.756688 | r:  -561.000000 | avg_r:  -613.085217 | e:   0.721160 | Q: -211.260239 | won: False | game_score: -530 
# 1200 | steps_t: 14458 | t: 880.647301 | r:  -635.000000 | avg_r:  -611.738333 | e:   0.710840 | Q: -196.569778 | won: False | game_score: -537 
# 1250 | steps_t: 15223 | t: 923.311308 | r:  -623.000000 | avg_r:  -612.937600 | e:   0.695540 | Q: -200.198380 | won: False | game_score: -511 
# 1300 | steps_t: 15960 | t: 965.123604 | r:  -605.000000 | avg_r:  -613.184615 | e:   0.680800 | Q: -118.316994 | won: False | game_score: -402 
# 1350 | steps_t: 16524 | t: 997.056793 | r:  -607.000000 | avg_r:  -612.641481 | e:   0.669520 | Q: -147.449341 | won: False | game_score: -548 
# 1400 | steps_t: 17070 | t: 1026.899122 | r:  -557.000000 | avg_r:  -612.012857 | e:   0.658600 | Q: -170.628998 | won: False | game_score: -528 
# 1450 | steps_t: 17729 | t: 1064.902698 | r:  -511.000000 | avg_r:  -611.946207 | e:   0.645420 | Q: -201.189072 | won: False | game_score: -500 
# 1500 | steps_t: 18358 | t: 1099.144985 | r:  -797.000000 | avg_r:  -611.556000 | e:   0.632840 | Q: -160.255661 | won: False | game_score: -638 
# 1550 | steps_t: 18923 | t: 1129.357656 | r:  -529.000000 | avg_r:  -611.478710 | e:   0.621540 | Q: -193.168869 | won: False | game_score: -514 
# 1600 | steps_t: 19586 | t: 1167.072120 | r:  -587.000000 | avg_r:  -611.265000 | e:   0.608280 | Q: -149.978455 | won: False | game_score: -483 
# 1650 | steps_t: 20189 | t: 1201.807824 | r:  -651.000000 | avg_r:  -611.633939 | e:   0.596220 | Q: -105.920609 | won: False | game_score: -575 
# 1700 | steps_t: 20860 | t: 1238.614341 | r:  -625.000000 | avg_r:  -611.625882 | e:   0.582800 | Q: -134.675079 | won: False | game_score: -482 
# 1750 | steps_t: 21756 | t: 1286.435368 | r: -1021.000000 | avg_r:  -612.768000 | e:   0.564880 | Q: -109.807549 | won: False | game_score: -670 
# 1800 | steps_t: 22497 | t: 1326.465282 | r: -1033.000000 | avg_r:  -613.524444 | e:   0.550060 | Q: -65.043823 | won: False | game_score: -766 
# 1850 | steps_t: 23267 | t: 1369.259073 | r:  -471.000000 | avg_r:  -614.375135 | e:   0.534660 | Q: -197.812103 | won: False | game_score: -440 
# 1900 | steps_t: 24057 | t: 1413.574720 | r:  -711.000000 | avg_r:  -615.621053 | e:   0.518860 | Q: -96.164719 | won: False | game_score: -565 
# 1950 | steps_t: 24791 | t: 1452.264413 | r:  -701.000000 | avg_r:  -616.162051 | e:   0.504180 | Q: -144.841064 | won: False | game_score: -600 
# 2000 | steps_t: 25454 | t: 1488.816880 | r:  -545.000000 | avg_r:  -616.566000 | e:   0.490920 | Q: -188.433334 | won: False | game_score: -522 
# 2050 | steps_t: 26080 | t: 1523.902324 | r:  -575.000000 | avg_r:  -616.128780 | e:   0.478400 | Q: -144.344025 | won: False | game_score: -482 
# 2100 | steps_t: 26828 | t: 1567.005221 | r:  -915.000000 | avg_r:  -616.515238 | e:   0.463440 | Q: -117.530975 | won: False | game_score: -667 
# 2150 | steps_t: 27432 | t: 1601.879782 | r:  -569.000000 | avg_r:  -615.722791 | e:   0.451360 | Q: -79.115250 | won: False | game_score: -469 
# 2200 | steps_t: 27968 | t: 1631.217553 | r:  -537.000000 | avg_r:  -614.718182 | e:   0.440640 | Q: -193.018188 | won: False | game_score: -513 
# 2250 | steps_t: 28725 | t: 1671.437630 | r:  -509.000000 | avg_r:  -613.815111 | e:   0.425500 | Q: -82.295502 | won: False | game_score: -469 
# 2300 | steps_t: 29482 | t: 1711.604748 | r:  -459.000000 | avg_r:  -613.253043 | e:   0.410360 | Q: -69.585075 | won: False | game_score: -309 
# 2350 | steps_t: 30246 | t: 1752.944147 | r:  -703.000000 | avg_r:  -612.200000 | e:   0.395080 | Q: -96.181656 | won: False | game_score: -406 
# 2400 | steps_t: 31245 | t: 1809.784181 | r:  -443.000000 | avg_r:  -612.372500 | e:   0.375100 | Q: -49.799908 | won: False | game_score: -371 
# 2450 | steps_t: 32236 | t: 1866.068064 | r:  -701.000000 | avg_r:  -612.714286 | e:   0.355280 | Q: -70.539940 | won: False | game_score: -450 
# 2500 | steps_t: 32965 | t: 1905.553921 | r:  -479.000000 | avg_r:  -612.296800 | e:   0.340700 | Q: -95.382011 | won: False | game_score: -454 
# 2550 | steps_t: 33814 | t: 1953.601590 | r:  -517.000000 | avg_r:  -611.512941 | e:   0.323720 | Q: -123.222939 | won: False | game_score: -508 
# 2600 | steps_t: 34856 | t: 2010.088077 | r: -1451.000000 | avg_r:  -611.687692 | e:   0.302880 | Q: -27.634392 | won: False | game_score: -800 
# 2650 | steps_t: 35743 | t: 2058.041802 | r:  -543.000000 | avg_r:  -611.471698 | e:   0.285140 | Q: -37.663048 | won: False | game_score: -416 
# 2700 | steps_t: 36575 | t: 2105.392293 | r:  -473.000000 | avg_r:  -610.404444 | e:   0.268500 | Q: -82.879433 | won: False | game_score: -431 
# 2750 | steps_t: 37638 | t: 2164.536693 | r:  -895.000000 | avg_r:  -610.435636 | e:   0.247240 | Q: -40.765045 | won: False | game_score: -547 
# 2800 | steps_t: 38403 | t: 2207.153844 | r:  -521.000000 | avg_r:  -608.950000 | e:   0.231940 | Q: -44.201958 | won: False | game_score: -395 
# 2850 | steps_t: 39301 | t: 2258.160248 | r:  -407.000000 | avg_r:  -608.021053 | e:   0.213980 | Q: -63.481209 | won: False | game_score: -278 
# 2900 | steps_t: 40484 | t: 2328.388921 | r:  -523.000000 | avg_r:  -608.115862 | e:   0.190320 | Q: -57.040237 | won: False | game_score: -426 
# 2950 | steps_t: 41522 | t: 2390.035315 | r:  -493.000000 | avg_r:  -607.431864 | e:   0.169560 | Q: -61.713131 | won: False | game_score: -366 
# 3000 | steps_t: 42519 | t: 2448.036287 | r: -1167.000000 | avg_r:  -606.926000 | e:   0.149620 | Q: -59.753056 | won: False | game_score: -623 
# 3050 | steps_t: 43532 | t: 2509.080250 | r:  -487.000000 | avg_r:  -605.731148 | e:   0.129360 | Q: -49.146721 | won: False | game_score: -353 
# 3100 | steps_t: 44409 | t: 2561.321083 | r:  -489.000000 | avg_r:  -603.852903 | e:   0.111820 | Q: -62.246525 | won: False | game_score: -459 
# 3150 | steps_t: 45431 | t: 2623.649425 | r:  -397.000000 | avg_r:  -602.661587 | e:   0.100000 | Q: -52.656044 | won: False | game_score: -273 
# 3200 | steps_t: 46432 | t: 2681.938183 | r:  -653.000000 | avg_r:  -599.907500 | e:   0.100000 | Q: -26.612137 | won: False | game_score: -301 
# 3250 | steps_t: 47329 | t: 2733.326902 | r:  -557.000000 | avg_r:  -597.650462 | e:   0.100000 | Q:  -4.889660 | won: False | game_score: -473 
# 3300 | steps_t: 48213 | t: 2785.801664 | r:  -325.000000 | avg_r:  -595.260606 | e:   0.100000 | Q:  -7.025930 | won: False | game_score: -222 
# 3350 | steps_t: 49055 | t: 2835.018745 | r:  -493.000000 | avg_r:  -593.254328 | e:   0.100000 | Q:  21.929674 | won: False | game_score: -286 
# 3400 | steps_t: 50021 | t: 2889.337295 | r:  -495.000000 | avg_r:  -591.280000 | e:   0.100000 | Q: -19.425282 | won: False | game_score: -217 
# 3450 | steps_t: 51010 | t: 2950.984983 | r:  -309.000000 | avg_r:  -589.570435 | e:   0.100000 | Q:  11.225436 | won: False | game_score: -129 
# 3500 | steps_t: 51938 | t: 3005.942790 | r:  -429.000000 | avg_r:  -587.177143 | e:   0.100000 | Q:  15.894866 | won: False | game_score: -334 
# 3550 | steps_t: 52967 | t: 3066.721142 | r:  -501.000000 | avg_r:  -585.309296 | e:   0.100000 | Q: -16.661001 | won: False | game_score: -475 
# 3600 | steps_t: 53926 | t: 3121.173553 | r:  -421.000000 | avg_r:  -582.188333 | e:   0.100000 | Q:   8.715395 | won: False | game_score: -345 
# 3650 | steps_t: 54804 | t: 3170.987793 | r:  -145.000000 | avg_r:  -577.986849 | e:   0.100000 | Q:  32.561810 | won: False | game_score: -87 
# 3700 | steps_t: 55644 | t: 3220.840078 | r:  -279.000000 | avg_r:  -574.230270 | e:   0.100000 | Q: 102.703773 | won: False | game_score: -164 
# 3750 | steps_t: 56479 | t: 3272.251419 | r:  -569.000000 | avg_r:  -572.000000 | e:   0.100000 | Q: 122.858200 | won: False | game_score: -469 
# 3800 | steps_t: 57430 | t: 3331.076390 | r:  -405.000000 | avg_r:  -569.485789 | e:   0.100000 | Q:  82.789124 | won: False | game_score: -192 
# 3850 | steps_t: 58427 | t: 3392.674778 | r:  -631.000000 | avg_r:  -566.652987 | e:   0.100000 | Q: 136.000198 | won: False | game_score: -460 
# 3900 | steps_t: 59592 | t: 3464.422829 | r:  -535.000000 | avg_r:  -564.776923 | e:   0.100000 | Q: 109.148582 | won: False | game_score: -232 
# 3950 | steps_t: 60520 | t: 3517.410655 | r:   181.000000 | avg_r:  -561.884051 | e:   0.100000 | Q:  53.209610 | won: False | game_score: 296 
# 4000 | steps_t: 61542 | t: 3581.934438 | r:    23.000000 | avg_r:  -558.879500 | e:   0.100000 | Q: 105.914909 | won: False | game_score: 127 
# 4050 | steps_t: 62611 | t: 3648.263000 | r:  -195.000000 | avg_r:  -556.532346 | e:   0.100000 | Q: 155.329300 | won: False | game_score: -127 
# 4100 | steps_t: 63654 | t: 3712.842962 | r:  -181.000000 | avg_r:  -553.812195 | e:   0.100000 | Q: 226.866074 | won: False | game_score: -70 
# 4150 | steps_t: 64560 | t: 3765.526913 | r:  -201.000000 | avg_r:  -550.829880 | e:   0.100000 | Q: 167.748642 | won: False | game_score: -135 
# 4200 | steps_t: 65448 | t: 3818.911616 | r:  -387.000000 | avg_r:  -547.892381 | e:   0.100000 | Q: 196.553253 | won: False | game_score: -228 
# 4250 | steps_t: 66337 | t: 3874.117746 | r:  -245.000000 | avg_r:  -544.760941 | e:   0.100000 | Q: 144.002594 | won: False | game_score: -107 
# 4300 | steps_t: 67235 | t: 3929.941008 | r:  -415.000000 | avg_r:  -542.353488 | e:   0.100000 | Q: 175.059021 | won: False | game_score: -192 
# 4350 | steps_t: 68385 | t: 3996.593285 | r:  -459.000000 | avg_r:  -540.301149 | e:   0.100000 | Q: 168.415787 | won: False | game_score: -144 
# 4400 | steps_t: 69345 | t: 4053.380992 | r:  -219.000000 | avg_r:  -538.622273 | e:   0.100000 | Q: 199.988144 | won: False | game_score: -59 
# 4450 | steps_t: 70371 | t: 4117.586508 | r:  -983.000000 | avg_r:  -536.900674 | e:   0.100000 | Q: 128.766312 | won: False | game_score: -391 
# 4500 | steps_t: 71421 | t: 4183.513880 | r:  -341.000000 | avg_r:  -534.815556 | e:   0.100000 | Q: 159.233459 | won: False | game_score: -150 
# 4550 | steps_t: 72385 | t: 4243.106058 | r:  -431.000000 | avg_r:  -532.583297 | e:   0.100000 | Q: 166.439056 | won: False | game_score: -330 
# 4600 | steps_t: 73292 | t: 4298.995533 | r:  -187.000000 | avg_r:  -531.016957 | e:   0.100000 | Q: 174.411667 | won: False | game_score: -83 
# 4650 | steps_t: 74345 | t: 4362.730886 | r:  -393.000000 | avg_r:  -529.811183 | e:   0.100000 | Q: 163.477188 | won: False | game_score: -181 
# 4700 | steps_t: 75543 | t: 4440.352062 | r:  -431.000000 | avg_r:  -528.347234 | e:   0.100000 | Q: 198.767929 | won: False | game_score: -220 
# 4750 | steps_t: 76574 | t: 4505.480063 | r:  -641.000000 | avg_r:  -526.484211 | e:   0.100000 | Q: 178.670670 | won: False | game_score: -225 
# 4800 | steps_t: 77710 | t: 4576.555964 | r:  -351.000000 | avg_r:  -525.186250 | e:   0.100000 | Q: 138.855026 | won: False | game_score: -280 
# 4850 | steps_t: 78772 | t: 4644.371272 | r:  -351.000000 | avg_r:  -523.431340 | e:   0.100000 | Q: 171.918045 | won: False | game_score: -180 
# 4900 | steps_t: 79813 | t: 4708.195530 | r:  -347.000000 | avg_r:  -521.693061 | e:   0.100000 | Q: 182.699173 | won: False | game_score: -288 
# 4950 | steps_t: 80980 | t: 4782.623082 | r:  -443.000000 | avg_r:  -520.143838 | e:   0.100000 | Q: 207.758636 | won: False | game_score: -431 
# 5000 | steps_t: 82040 | t: 4848.104918 | r:   -67.000000 | avg_r:  -518.126000 | e:   0.100000 | Q: 162.327011 | won: False | game_score: 37 
# 5050 | steps_t: 83302 | t: 4921.958288 | r:  -521.000000 | avg_r:  -517.399208 | e:   0.100000 | Q: 189.235519 | won: False | game_score: -290 
# 5100 | steps_t: 84198 | t: 4975.148447 | r:  -119.000000 | avg_r:  -515.925098 | e:   0.100000 | Q: 124.995079 | won: False | game_score: -34 
# 5150 | steps_t: 85281 | t: 5042.400047 | r:  -635.000000 | avg_r:  -514.640388 | e:   0.100000 | Q: 229.991394 | won: False | game_score: -312 
# 5200 | steps_t: 86392 | t: 5111.594285 | r:  -371.000000 | avg_r:  -513.179615 | e:   0.100000 | Q: 221.415115 | won: False | game_score: -245 
# 5250 | steps_t: 87364 | t: 5173.257114 | r:  -153.000000 | avg_r:  -512.032381 | e:   0.100000 | Q: 206.048584 | won: False | game_score: -86 
# 5300 | steps_t: 88739 | t: 5261.197605 | r:  -267.000000 | avg_r:  -511.358491 | e:   0.100000 | Q: 228.576248 | won: False | game_score: -193 
# 5350 | steps_t: 90007 | t: 5340.039537 | r:  -403.000000 | avg_r:  -510.037383 | e:   0.100000 | Q: 222.732224 | won: False | game_score: -116 
# 5400 | steps_t: 91280 | t: 5419.537993 | r:  -267.000000 | avg_r:  -509.352593 | e:   0.100000 | Q: 205.377029 | won: False | game_score: 17 
# 5450 | steps_t: 92536 | t: 5504.059678 | r:  -915.000000 | avg_r:  -508.861284 | e:   0.100000 | Q: 172.542938 | won: False | game_score: -642 
# 5500 | steps_t: 93553 | t: 5569.006601 | r:  -553.000000 | avg_r:  -507.783636 | e:   0.100000 | Q: 217.657608 | won: False | game_score: -481 
# 5550 | steps_t: 94722 | t: 5644.124235 | r:  -481.000000 | avg_r:  -506.754955 | e:   0.100000 | Q: 183.097046 | won: False | game_score: -450 
# 5600 | steps_t: 95833 | t: 5712.458146 | r:  -305.000000 | avg_r:  -505.003214 | e:   0.100000 | Q: 230.168442 | won: False | game_score: -247 
# 5650 | steps_t: 96822 | t: 5771.954222 | r:  -919.000000 | avg_r:  -504.512566 | e:   0.100000 | Q: 215.281815 | won: False | game_score: -384 
# 5700 | steps_t: 98000 | t: 5841.714506 | r:  -273.000000 | avg_r:  -503.462105 | e:   0.100000 | Q: 265.673676 | won: False | game_score: -136 
# 5750 | steps_t: 99108 | t: 5914.709902 | r:  -481.000000 | avg_r:  -502.054609 | e:   0.100000 | Q: 252.537064 | won: False | game_score: -465 
# 5800 | steps_t: 100053 | t: 5974.172070 | r:  -309.000000 | avg_r:  -500.460345 | e:   0.100000 | Q: 278.094818 | won: False | game_score: -169 
# 5850 | steps_t: 101195 | t: 6045.129744 | r:  -227.000000 | avg_r:  -499.280000 | e:   0.100000 | Q: 196.664551 | won: False | game_score: -133 
# 5900 | steps_t: 102249 | t: 6111.687030 | r:  -413.000000 | avg_r:  -497.941017 | e:   0.100000 | Q: 257.768341 | won: False | game_score: -201 
# 5950 | steps_t: 103290 | t: 6174.954528 | r:  -305.000000 | avg_r:  -496.962017 | e:   0.100000 | Q: 213.718430 | won: False | game_score: -197 
# 6000 | steps_t: 104710 | t: 6268.013009 | r:  -253.000000 | avg_r:  -496.669333 | e:   0.100000 | Q: 241.602844 | won: False | game_score: -96 
# 6050 | steps_t: 105844 | t: 6342.380448 | r:  -299.000000 | avg_r:  -495.334215 | e:   0.100000 | Q: 183.231323 | won: False | game_score: -174 
# 6100 | steps_t: 107093 | t: 6424.273413 | r:  -609.000000 | avg_r:  -494.355082 | e:   0.100000 | Q: 265.894592 | won: False | game_score: -119 
# 6150 | steps_t: 108269 | t: 6501.017954 | r:  -197.000000 | avg_r:  -492.747642 | e:   0.100000 | Q: 343.209015 | won: False | game_score: -118 
# 6200 | steps_t: 109500 | t: 6581.521942 | r:  -313.000000 | avg_r:  -492.018065 | e:   0.100000 | Q: 202.914917 | won: False | game_score: -36 
# 6250 | steps_t: 110512 | t: 6648.116058 | r:  -421.000000 | avg_r:  -491.196160 | e:   0.100000 | Q: 179.382889 | won: False | game_score: -380 
# 6300 | steps_t: 111759 | t: 6722.810541 | r:  -237.000000 | avg_r:  -490.481270 | e:   0.100000 | Q: 218.841461 | won: False | game_score: -178 
# 6350 | steps_t: 112871 | t: 6802.859489 | r:  -533.000000 | avg_r:  -489.217638 | e:   0.100000 | Q: 254.904755 | won: False | game_score: -276 
# 6400 | steps_t: 114049 | t: 6883.574422 | r:  -213.000000 | avg_r:  -488.162500 | e:   0.100000 | Q: 235.487747 | won: False | game_score: -131 
# 6450 | steps_t: 115331 | t: 6969.025607 | r:  -219.000000 | avg_r:  -487.852093 | e:   0.100000 | Q: 190.757629 | won: False | game_score: -164 
# 6500 | steps_t: 116501 | t: 7048.704181 | r:  -405.000000 | avg_r:  -487.180308 | e:   0.100000 | Q: 198.150620 | won: False | game_score: -332 
# 6550 | steps_t: 117581 | t: 7120.529001 | r:  -191.000000 | avg_r:  -486.066260 | e:   0.100000 | Q: 279.702209 | won: False | game_score: -15 
# 6600 | steps_t: 118662 | t: 7191.871026 | r:  -171.000000 | avg_r:  -484.604848 | e:   0.100000 | Q: 238.160049 | won: False | game_score: -90 
# 6650 | steps_t: 119878 | t: 7270.540146 | r:  -135.000000 | avg_r:  -483.283910 | e:   0.100000 | Q: 215.834122 | won: False | game_score: -37 
# 6700 | steps_t: 121151 | t: 7354.755317 | r:  -351.000000 | avg_r:  -481.951343 | e:   0.100000 | Q: 252.770432 | won: False | game_score: -75 
# 6750 | steps_t: 122351 | t: 7433.931512 | r:  -509.000000 | avg_r:  -480.765926 | e:   0.100000 | Q: 272.807556 | won: False | game_score: -419 
# 6800 | steps_t: 123464 | t: 7509.275914 | r:  -347.000000 | avg_r:  -479.721176 | e:   0.100000 | Q: 246.416092 | won: False | game_score: -148 
# 6850 | steps_t: 124542 | t: 7580.832902 | r:  -323.000000 | avg_r:  -478.840000 | e:   0.100000 | Q: 248.375397 | won: False | game_score: -186 
# 6900 | steps_t: 125535 | t: 7644.733030 | r:  -319.000000 | avg_r:  -478.279420 | e:   0.100000 | Q: 204.800598 | won: False | game_score: -19 
# 6950 | steps_t: 126362 | t: 7700.513217 | r:  -211.000000 | avg_r:  -476.875108 | e:   0.100000 | Q: 170.266754 | won: False | game_score: -150 
# 7000 | steps_t: 127402 | t: 7770.242597 | r:  -249.000000 | avg_r:  -475.676571 | e:   0.100000 | Q: 235.511673 | won: False | game_score: -189 
# 7050 | steps_t: 128648 | t: 7853.794300 | r:  -777.000000 | avg_r:  -474.980426 | e:   0.100000 | Q: 221.717392 | won: False | game_score: -133 
# 7100 | steps_t: 129791 | t: 7928.612404 | r:  -285.000000 | avg_r:  -474.163099 | e:   0.100000 | Q: 230.929932 | won: False | game_score: 103 
# 7150 | steps_t: 131025 | t: 8010.579731 | r:  -287.000000 | avg_r:  -473.309650 | e:   0.100000 | Q: 283.211609 | won: False | game_score: -173 
# 7200 | steps_t: 132222 | t: 8090.717640 | r:  -379.000000 | avg_r:  -472.430278 | e:   0.100000 | Q: 300.538666 | won: False | game_score: -114 
# 7250 | steps_t: 133391 | t: 8168.248948 | r:  -515.000000 | avg_r:  -471.555034 | e:   0.100000 | Q: 282.356506 | won: False | game_score: -502 
# 7300 | steps_t: 134526 | t: 8246.849846 | r:  -539.000000 | avg_r:  -471.007123 | e:   0.100000 | Q: 258.975708 | won: False | game_score: -519 
# 7350 | steps_t: 135671 | t: 8324.042829 | r:  -317.000000 | avg_r:  -469.978503 | e:   0.100000 | Q: 287.945435 | won: False | game_score: -188 
# 7400 | steps_t: 136828 | t: 8399.766793 | r:  -627.000000 | avg_r:  -469.131892 | e:   0.100000 | Q: 292.620453 | won: False | game_score: -78 
# 7450 | steps_t: 137952 | t: 8473.374919 | r:  -525.000000 | avg_r:  -468.646711 | e:   0.100000 | Q: 134.318268 | won: False | game_score: -512 
# 7500 | steps_t: 138993 | t: 8554.527071 | r:  -375.000000 | avg_r:  -467.815200 | e:   0.100000 | Q: 142.562805 | won: False | game_score: -227 
# 7550 | steps_t: 140186 | t: 8636.651129 | r:  -391.000000 | avg_r:  -466.924238 | e:   0.100000 | Q: 221.659912 | won: False | game_score: -270 
# 7600 | steps_t: 141395 | t: 8718.107685 | r:  -587.000000 | avg_r:  -466.082368 | e:   0.100000 | Q: 232.004623 | won: False | game_score: -268 
# 7650 | steps_t: 142590 | t: 8801.339444 | r:  -283.000000 | avg_r:  -465.294379 | e:   0.100000 | Q: 269.452972 | won: False | game_score: -181 
# 7700 | steps_t: 143659 | t: 8874.565451 | r:   -57.000000 | avg_r:  -464.750909 | e:   0.100000 | Q: 305.119049 | won: False | game_score: 22 
# 7750 | steps_t: 144858 | t: 8953.827568 | r:  -291.000000 | avg_r:  -463.868387 | e:   0.100000 | Q: 224.890472 | won: False | game_score: -205 
# 7800 | steps_t: 146088 | t: 9037.188012 | r:  -251.000000 | avg_r:  -462.913077 | e:   0.100000 | Q: 325.949524 | won: False | game_score: 55 
# 7850 | steps_t: 147541 | t: 9134.739290 | r:  -275.000000 | avg_r:  -462.118471 | e:   0.100000 | Q: 320.777435 | won: False | game_score: -97 
# 7900 | steps_t: 148900 | t: 9226.056898 | r:  -101.000000 | avg_r:  -461.543797 | e:   0.100000 | Q: 368.802521 | won: False | game_score: 15 
# 7950 | steps_t: 150129 | t: 9309.138475 | r:  -299.000000 | avg_r:  -460.895849 | e:   0.100000 | Q: 313.707245 | won: False | game_score: -204 
# 8000 | steps_t: 151299 | t: 9387.078536 | r:  -437.000000 | avg_r:  -460.179250 | e:   0.100000 | Q: 274.684723 | won: False | game_score: -318 
# 8050 | steps_t: 152790 | t: 9484.279042 | r:  -185.000000 | avg_r:  -459.593540 | e:   0.100000 | Q: 334.340607 | won: False | game_score: 103 
# 8100 | steps_t: 154083 | t: 9570.497741 | r:  -275.000000 | avg_r:  -458.869136 | e:   0.100000 | Q: 318.362671 | won: False | game_score: -107 
# 8150 | steps_t: 155587 | t: 9671.336830 | r: -1099.000000 | avg_r:  -458.694233 | e:   0.100000 | Q: 264.475952 | won: False | game_score: -424 
# 8200 | steps_t: 156674 | t: 9744.680609 | r:  -425.000000 | avg_r:  -458.009024 | e:   0.100000 | Q: 272.355774 | won: False | game_score: -147 
# 8250 | steps_t: 158041 | t: 9837.917534 | r:  -225.000000 | avg_r:  -457.241455 | e:   0.100000 | Q: 251.287949 | won: False | game_score: 8 
# 8300 | steps_t: 159366 | t: 9929.784487 | r:  -113.000000 | avg_r:  -456.846506 | e:   0.100000 | Q: 252.694443 | won: False | game_score: 19 
# 8350 | steps_t: 160480 | t: 10007.341772 | r:  -381.000000 | avg_r:  -456.349940 | e:   0.100000 | Q: 299.860199 | won: False | game_score: -125 
# 8400 | steps_t: 161514 | t: 10078.698216 | r:  -241.000000 | avg_r:  -455.217619 | e:   0.100000 | Q: 228.531036 | won: False | game_score: -65 
# 8450 | steps_t: 162887 | t: 10174.472323 | r:  -593.000000 | avg_r:  -454.481420 | e:   0.100000 | Q: 372.111908 | won: False | game_score: -186 
# 8500 | steps_t: 164061 | t: 10254.470798 | r:  -437.000000 | avg_r:  -454.053412 | e:   0.100000 | Q: 258.291840 | won: False | game_score: -68 
# 8550 | steps_t: 165315 | t: 10333.887826 | r:  -365.000000 | avg_r:  -453.434386 | e:   0.100000 | Q: 235.923050 | won: False | game_score: -162 
# 8600 | steps_t: 166510 | t: 10416.711572 | r:  -433.000000 | avg_r:  -452.773256 | e:   0.100000 | Q: 226.317459 | won: False | game_score: -346 
# 8650 | steps_t: 167737 | t: 10502.146552 | r:  -481.000000 | avg_r:  -451.992139 | e:   0.100000 | Q: 234.651627 | won: False | game_score: -325 
# 8700 | steps_t: 168956 | t: 10586.906776 | r:  -623.000000 | avg_r:  -451.015172 | e:   0.100000 | Q: 235.649078 | won: False | game_score: -111 
# 8750 | steps_t: 170030 | t: 10690.886160 | r:  -141.000000 | avg_r:  -450.119771 | e:   0.100000 | Q: 230.527008 | won: False | game_score: 15 
# 8800 | steps_t: 171239 | t: 10775.936553 | r:  -509.000000 | avg_r:  -449.294091 | e:   0.100000 | Q: 200.580215 | won: False | game_score: -214 
# 8850 | steps_t: 172392 | t: 10857.170437 | r:  -293.000000 | avg_r:  -448.351186 | e:   0.100000 | Q: 290.325592 | won: False | game_score: -41 
# 8900 | steps_t: 173965 | t: 10968.345112 | r: -1007.000000 | avg_r:  -447.815730 | e:   0.100000 | Q: 365.388855 | won: False | game_score: -513 
# 8950 | steps_t: 175426 | t: 11071.185144 | r:   -65.000000 | avg_r:  -446.507263 | e:   0.100000 | Q: 301.656006 | won: False | game_score: 138 
# 9000 | steps_t: 176817 | t: 11169.002384 | r:  -113.000000 | avg_r:  -445.484222 | e:   0.100000 | Q: 353.553802 | won: False | game_score: 149 
# 9050 | steps_t: 177992 | t: 11247.522749 | r:  -555.000000 | avg_r:  -444.841989 | e:   0.100000 | Q: 313.481140 | won: False | game_score: -337 
# 9100 | steps_t: 179305 | t: 11339.078308 | r:  -329.000000 | avg_r:  -444.312527 | e:   0.100000 | Q: 289.636536 | won: False | game_score: -194 
# 9150 | steps_t: 180627 | t: 11433.003243 | r:  -145.000000 | avg_r:  -443.846776 | e:   0.100000 | Q: 334.127380 | won: False | game_score: -37 
# 9200 | steps_t: 181876 | t: 11521.332794 | r:  -493.000000 | avg_r:  -443.341522 | e:   0.100000 | Q: 243.262726 | won: False | game_score: -131 
# 9250 | steps_t: 182968 | t: 11597.780146 | r:  -295.000000 | avg_r:  -442.634811 | e:   0.100000 | Q: 332.401886 | won: False | game_score: -232 
# 9300 | steps_t: 184490 | t: 11705.941467 | r:  -801.000000 | avg_r:  -441.905161 | e:   0.100000 | Q: 333.234772 | won: False | game_score: -145 
# 9350 | steps_t: 185871 | t: 11804.492395 | r:   -49.000000 | avg_r:  -441.210695 | e:   0.100000 | Q: 387.100586 | won: False | game_score: 16 
# 9400 | steps_t: 187004 | t: 11885.099161 | r:  -409.000000 | avg_r:  -440.475745 | e:   0.100000 | Q: 265.568451 | won: False | game_score: -119 
# 9450 | steps_t: 188111 | t: 11964.275915 | r:  -517.000000 | avg_r:  -439.556825 | e:   0.100000 | Q: 340.760193 | won: False | game_score: -178 
# 9500 | steps_t: 189246 | t: 12043.885543 | r:  -339.000000 | avg_r:  -438.651789 | e:   0.100000 | Q: 369.822021 | won: False | game_score: -184 
# 9550 | steps_t: 190667 | t: 12139.764875 | r:  -335.000000 | avg_r:  -438.056963 | e:   0.100000 | Q: 380.743683 | won: False | game_score: 23 
# 9600 | steps_t: 191832 | t: 12222.846834 | r:   -51.000000 | avg_r:  -437.655208 | e:   0.100000 | Q: 233.524384 | won: False | game_score: 60 
# 9650 | steps_t: 193029 | t: 12308.678801 | r:  -331.000000 | avg_r:  -437.047254 | e:   0.100000 | Q: 287.493500 | won: False | game_score: -115 
# 9700 | steps_t: 194259 | t: 12399.802018 | r:  -521.000000 | avg_r:  -436.544536 | e:   0.100000 | Q: 332.853943 | won: False | game_score: -350 
# 9750 | steps_t: 195408 | t: 12481.073287 | r:  -203.000000 | avg_r:  -435.714051 | e:   0.100000 | Q: 258.237274 | won: False | game_score: -121 
# 9800 | steps_t: 196530 | t: 12561.536109 | r:  -503.000000 | avg_r:  -434.811837 | e:   0.100000 | Q: 282.148743 | won: False | game_score: -191 
# 9850 | steps_t: 197793 | t: 12652.532006 | r:  -567.000000 | avg_r:  -433.814619 | e:   0.100000 | Q: 414.698669 | won: False | game_score: -473 
# 9900 | steps_t: 199280 | t: 12760.594283 | r:  -323.000000 | avg_r:  -433.955152 | e:   0.100000 | Q: 299.699890 | won: False | game_score: 44 
# 9950 | steps_t: 200487 | t: 12848.883399 | r:  -651.000000 | avg_r:  -433.110955 | e:   0.100000 | Q: 328.535034 | won: False | game_score: -205 
# 10000 | steps_t: 201623 | t: 12931.466174 | r:  -701.000000 | avg_r:  -431.932800 | e:   0.100000 | Q: 327.761688 | won: False | game_score: -115 
# 10050 | steps_t: 202931 | t: 13022.381938 | r:  -329.000000 | avg_r:  -431.168557 | e:   0.100000 | Q: 409.788300 | won: False | game_score: -259 
# 10100 | steps_t: 204333 | t: 13123.088288 | r:  -217.000000 | avg_r:  -430.771485 | e:   0.100000 | Q: 352.209381 | won: False | game_score: 187 
# 10150 | steps_t: 205732 | t: 13225.539034 | r:   -63.000000 | avg_r:  -430.410049 | e:   0.100000 | Q: 357.645294 | won: False | game_score: 144 
# 10200 | steps_t: 206824 | t: 13303.079025 | r:    37.000000 | avg_r:  -429.460000 | e:   0.100000 | Q: 306.813538 | won: False | game_score: 104 
# 10250 | steps_t: 208221 | t: 13472.395216 | r:   159.000000 | avg_r:  -428.220488 | e:   0.100000 | Q: 338.021912 | won: False | game_score: 355 
# 10300 | steps_t: 209478 | t: 13566.540754 | r:  -527.000000 | avg_r:  -426.944466 | e:   0.100000 | Q: 341.682159 | won: False | game_score: -448 
# 10350 | steps_t: 210719 | t: 13658.161889 | r:  -195.000000 | avg_r:  -425.994396 | e:   0.100000 | Q: 311.944092 | won: False | game_score: 13 
# 10400 | steps_t: 211957 | t: 13749.855288 | r: -1121.000000 | avg_r:  -425.098846 | e:   0.100000 | Q: 242.870834 | won: False | game_score: -790 
# 10450 | steps_t: 213248 | t: 13846.372672 | r:  -469.000000 | avg_r:  -424.067177 | e:   0.100000 | Q: 335.842621 | won: False | game_score: -289 
# 10500 | steps_t: 214492 | t: 13934.419347 | r:  -455.000000 | avg_r:  -423.267619 | e:   0.100000 | Q: 332.474823 | won: False | game_score: -337 
# 10550 | steps_t: 215800 | t: 14031.194981 | r:  -559.000000 | avg_r:  -422.136303 | e:   0.100000 | Q: 378.087097 | won: False | game_score: 36 
# 10600 | steps_t: 217279 | t: 14141.783662 | r:   367.000000 | avg_r:  -421.047736 | e:   0.100000 | Q: 426.165985 | won: False | game_score: 544 
# 10650 | steps_t: 218748 | t: 14253.262488 | r:  -139.000000 | avg_r:  -419.684319 | e:   0.100000 | Q: 450.419525 | won: False | game_score: -34 
# 10700 | steps_t: 219932 | t: 14340.712888 | r:  -321.000000 | avg_r:  -418.732523 | e:   0.100000 | Q: 344.601532 | won: False | game_score: -10 
