#   50 | steps_t: 17104 | t: 6.527905 | r:   570.400000 | avg_r:   520.392000 | e:   0.429867 | Q: 736.495972 | won: False 
#  100 | steps_t: 17243 | t: 12.647306 | r:  -347.000000 | avg_r:   521.338000 | e:   0.425233 | Q: 501.746490 | won: False 
#  150 | steps_t: 17406 | t: 19.827454 | r:   681.800000 | avg_r:   461.553333 | e:   0.419800 | Q: 902.648499 | won: False 
#  200 | steps_t: 17496 | t: 23.889309 | r:  1287.200000 | avg_r:   408.260000 | e:   0.416800 | Q: 823.236511 | won: False 
#  250 | steps_t: 17656 | t: 31.288380 | r:  1318.200000 | avg_r:   383.666400 | e:   0.411467 | Q: 857.123840 | won: False 
#  300 | steps_t: 17802 | t: 38.334125 | r:   528.000000 | avg_r:   400.760000 | e:   0.406600 | Q: 820.675110 | won: False 
#  350 | steps_t: 17955 | t: 45.728057 | r:    58.000000 | avg_r:   396.868571 | e:   0.401500 | Q: 468.245880 | won: False 
#  400 | steps_t: 18117 | t: 54.040128 | r:   174.400000 | avg_r:   390.879000 | e:   0.396100 | Q: 732.625549 | won: False 
#  450 | steps_t: 18266 | t: 61.912380 | r:  -347.000000 | avg_r:   396.546667 | e:   0.391133 | Q: 448.142151 | won: False 
#  500 | steps_t: 18473 | t: 73.138315 | r:  -100.400000 | avg_r:   408.968000 | e:   0.384233 | Q: 548.572205 | won: False 
#  550 | steps_t: 18670 | t: 84.490608 | r:  -374.000000 | avg_r:   419.013455 | e:   0.377667 | Q: 440.867432 | won: False 
#  600 | steps_t: 18853 | t: 95.810966 | r:   -89.200000 | avg_r:   431.073333 | e:   0.371567 | Q: 383.622253 | won: False 
#  650 | steps_t: 19024 | t: 106.490285 | r:  -159.400000 | avg_r:   440.022769 | e:   0.365867 | Q: 414.869995 | won: False 
#  700 | steps_t: 19208 | t: 118.028593 | r:   813.400000 | avg_r:   451.379143 | e:   0.359733 | Q: 785.047180 | won: False 
#  750 | steps_t: 19361 | t: 127.737241 | r:   171.600000 | avg_r:   453.730933 | e:   0.354633 | Q: 668.077148 | won: False 
#  800 | steps_t: 19521 | t: 137.785855 | r:   600.800000 | avg_r:   463.647750 | e:   0.349300 | Q: 644.300110 | won: False 
#  850 | steps_t: 19700 | t: 149.137107 | r:   184.000000 | avg_r:   470.007529 | e:   0.343333 | Q: 439.033478 | won: False 
#  900 | steps_t: 19874 | t: 160.159916 | r:  -157.800000 | avg_r:   481.699111 | e:   0.337533 | Q: 546.755371 | won: False 
#  950 | steps_t: 20019 | t: 169.365400 | r:   -88.800000 | avg_r:   488.278947 | e:   0.332700 | Q: 569.033875 | won: False 
# 1000 | steps_t: 20150 | t: 177.616419 | r:  1283.000000 | avg_r:   493.667000 | e:   0.328333 | Q: 916.033691 | won: False 
# 1050 | steps_t: 20284 | t: 186.066330 | r:   433.800000 | avg_r:   490.293905 | e:   0.323867 | Q: 802.856689 | won: False 
# 1100 | steps_t: 20407 | t: 193.652324 | r:    -6.800000 | avg_r:   491.891455 | e:   0.319767 | Q: 666.038269 | won: False 
# 1150 | steps_t: 20610 | t: 205.977071 | r:   277.600000 | avg_r:   486.760870 | e:   0.313000 | Q: 697.795044 | won: False 
# 1200 | steps_t: 20781 | t: 216.418873 | r:   -88.000000 | avg_r:   477.639000 | e:   0.307300 | Q: 588.531616 | won: False 
# 1250 | steps_t: 20949 | t: 226.628613 | r:   445.000000 | avg_r:   472.746880 | e:   0.301700 | Q: 759.129700 | won: False 
# 1300 | steps_t: 21077 | t: 234.419728 | r:   744.400000 | avg_r:   480.148462 | e:   0.297433 | Q: 692.744446 | won: False 
# 1350 | steps_t: 21238 | t: 244.300299 | r:   675.400000 | avg_r:   484.485926 | e:   0.292067 | Q: 872.167358 | won: False 
# 1400 | steps_t: 21378 | t: 253.016650 | r:   984.000000 | avg_r:   487.397286 | e:   0.287400 | Q: 831.154785 | won: False 
# 1450 | steps_t: 21570 | t: 264.793682 | r:   246.400000 | avg_r:   484.633379 | e:   0.281000 | Q: 957.411804 | won: False 
# 1500 | steps_t: 21753 | t: 275.798824 | r:   253.400000 | avg_r:   489.542133 | e:   0.274900 | Q: 585.527649 | won: False 
# 1550 | steps_t: 21945 | t: 287.362095 | r:   558.400000 | avg_r:   494.722323 | e:   0.268500 | Q: 898.890015 | won: False 
# 1600 | steps_t: 22067 | t: 294.715992 | r:   -95.000000 | avg_r:   495.912875 | e:   0.264433 | Q: 533.336426 | won: False 
# 1650 | steps_t: 22247 | t: 305.481881 | r:   194.400000 | avg_r:   497.286061 | e:   0.258433 | Q: 651.573853 | won: False 
# 1700 | steps_t: 22379 | t: 313.383098 | r:  -347.000000 | avg_r:   502.598824 | e:   0.254033 | Q: 524.728088 | won: False 
# 1750 | steps_t: 22558 | t: 324.015222 | r:   377.200000 | avg_r:   501.615429 | e:   0.248067 | Q: 774.668518 | won: False 
# 1800 | steps_t: 22696 | t: 332.286134 | r:   416.200000 | avg_r:   499.474889 | e:   0.243467 | Q: 814.646179 | won: False 
# 1850 | steps_t: 22831 | t: 340.353040 | r:  1453.200000 | avg_r:   501.800973 | e:   0.238967 | Q: 935.836243 | won: False 
# 1900 | steps_t: 22942 | t: 347.119417 | r:   879.200000 | avg_r:   503.728105 | e:   0.235267 | Q: 821.640930 | won: False 
# 1950 | steps_t: 23084 | t: 355.595893 | r:   791.600000 | avg_r:   502.025231 | e:   0.230533 | Q: 757.558777 | won: False 
# 2000 | steps_t: 23253 | t: 365.864123 | r:   624.600000 | avg_r:   502.299000 | e:   0.224900 | Q: 758.028137 | won: False 
# 2050 | steps_t: 23471 | t: 378.427779 | r:     7.400000 | avg_r:   504.890049 | e:   0.217633 | Q: 667.434753 | won: False 
# 2100 | steps_t: 23589 | t: 385.215593 | r:  -396.000000 | avg_r:   506.214762 | e:   0.213700 | Q: 571.251526 | won: False 
# 2150 | steps_t: 23782 | t: 396.302131 | r:   709.600000 | avg_r:   508.118233 | e:   0.207267 | Q: 769.359131 | won: False 
# 2200 | steps_t: 23930 | t: 404.865178 | r:    -0.200000 | avg_r:   509.234364 | e:   0.202333 | Q: 528.267883 | won: False 
# 2250 | steps_t: 24115 | t: 415.555449 | r:   228.000000 | avg_r:   514.439644 | e:   0.196167 | Q: 606.901733 | won: False 
# 2300 | steps_t: 24279 | t: 424.994342 | r:   242.000000 | avg_r:   516.219739 | e:   0.190700 | Q: 558.001892 | won: False 
# 2350 | steps_t: 24425 | t: 433.480009 | r:   243.600000 | avg_r:   516.650809 | e:   0.185833 | Q: 493.617523 | won: False 
# 2400 | steps_t: 24590 | t: 443.165954 | r:  1352.200000 | avg_r:   522.161750 | e:   0.180333 | Q: 873.595337 | won: False 
# 2450 | steps_t: 24721 | t: 450.822592 | r:   245.000000 | avg_r:   523.011592 | e:   0.175967 | Q: 577.421875 | won: False 
# 2500 | steps_t: 24866 | t: 459.397252 | r:  1183.800000 | avg_r:   525.041840 | e:   0.171133 | Q: 865.319519 | won: False 
# 2550 | steps_t: 25045 | t: 469.931636 | r:   165.600000 | avg_r:   529.390824 | e:   0.165167 | Q: 774.324097 | won: False 
# 2600 | steps_t: 25217 | t: 480.222675 | r:   729.000000 | avg_r:   527.096385 | e:   0.159433 | Q: 908.425476 | won: False 
# 2650 | steps_t: 25392 | t: 491.051519 | r:   683.400000 | avg_r:   526.927774 | e:   0.153600 | Q: 846.018372 | won: False 
# 2700 | steps_t: 25543 | t: 500.387137 | r:   595.800000 | avg_r:   527.660519 | e:   0.148567 | Q: 744.903381 | won: False 
# 2750 | steps_t: 25712 | t: 510.615410 | r:   780.200000 | avg_r:   527.614473 | e:   0.142933 | Q: 863.301514 | won: False 
# 2800 | steps_t: 25852 | t: 519.137865 | r:   794.200000 | avg_r:   529.472643 | e:   0.138267 | Q: 748.678589 | won: False 
# 2850 | steps_t: 25981 | t: 527.040064 | r:   242.200000 | avg_r:   532.184702 | e:   0.133967 | Q: 832.535034 | won: False 
# 2900 | steps_t: 26097 | t: 534.142640 | r:   474.600000 | avg_r:   532.996138 | e:   0.130100 | Q: 703.969421 | won: False 
# 2950 | steps_t: 26226 | t: 542.014379 | r:   450.000000 | avg_r:   534.514847 | e:   0.125800 | Q: 776.957764 | won: False 
# 3000 | steps_t: 26411 | t: 553.118135 | r:   600.800000 | avg_r:   537.627533 | e:   0.119633 | Q: 715.960815 | won: False 
# 3050 | steps_t: 26560 | t: 562.099654 | r:   -47.600000 | avg_r:   541.284590 | e:   0.114667 | Q: 579.614014 | won: False 
# 3100 | steps_t: 26692 | t: 570.128462 | r:   607.600000 | avg_r:   541.112839 | e:   0.110267 | Q: 908.961792 | won: False 
# 3150 | steps_t: 26833 | t: 578.705777 | r:   953.400000 | avg_r:   544.884635 | e:   0.105567 | Q: 828.023254 | won: False 
# 3200 | steps_t: 26984 | t: 587.907509 | r:   600.400000 | avg_r:   546.412750 | e:   0.100533 | Q: 711.035889 | won: False 
# 3250 | steps_t: 27126 | t: 596.581566 | r:   -74.200000 | avg_r:   549.430215 | e:   0.095800 | Q: 580.993164 | won: False 
# 3300 | steps_t: 27256 | t: 604.514071 | r:   340.200000 | avg_r:   551.033212 | e:   0.091467 | Q: 983.883850 | won: False 
# 3350 | steps_t: 27378 | t: 611.966616 | r:   -66.600000 | avg_r:   552.813552 | e:   0.087400 | Q: 612.427612 | won: False 
# 3400 | steps_t: 27531 | t: 621.274112 | r:  1236.400000 | avg_r:   555.024353 | e:   0.082300 | Q: 931.846924 | won: False 
# 3450 | steps_t: 27666 | t: 628.864488 | r:   901.000000 | avg_r:   554.468522 | e:   0.077800 | Q: 763.928162 | won: False 
# 3500 | steps_t: 27845 | t: 638.949303 | r:  3038.000000 | avg_r:   557.608286 | e:   0.071833 | Q: 986.504089 | won: True 
# 3550 | steps_t: 27969 | t: 646.053473 | r:  1347.400000 | avg_r:   557.727042 | e:   0.067700 | Q: 954.978882 | won: False 
# 3600 | steps_t: 28123 | t: 654.848244 | r:  1028.600000 | avg_r:   559.715222 | e:   0.062567 | Q: 766.421875 | won: False 
# 3650 | steps_t: 28271 | t: 663.412127 | r:  1023.400000 | avg_r:   561.197479 | e:   0.057633 | Q: 841.958008 | won: False 
# 3700 | steps_t: 28453 | t: 673.913233 | r:  1036.800000 | avg_r:   561.691243 | e:   0.051567 | Q: 712.488281 | won: False 
# 3750 | steps_t: 28539 | t: 678.949132 | r:   804.600000 | avg_r:   562.202933 | e:   0.050000 | Q: 866.624817 | won: False 
# 3800 | steps_t: 28716 | t: 689.201267 | r:   300.600000 | avg_r:   563.175263 | e:   0.050000 | Q: 630.174805 | won: False 
# 3850 | steps_t: 28883 | t: 698.815502 | r:   942.200000 | avg_r:   564.945039 | e:   0.050000 | Q: 819.556396 | won: False 
# 3900 | steps_t: 29029 | t: 707.614250 | r:  1118.000000 | avg_r:   567.355795 | e:   0.050000 | Q: 851.058533 | won: False 
# 3950 | steps_t: 29184 | t: 716.438604 | r:  1122.000000 | avg_r:   568.166228 | e:   0.050000 | Q: 869.472046 | won: False 
# 4000 | steps_t: 29321 | t: 724.499507 | r:  1040.200000 | avg_r:   567.500200 | e:   0.050000 | Q: 839.143311 | won: False 
# 4050 | steps_t: 29472 | t: 733.324210 | r:   804.200000 | avg_r:   569.020543 | e:   0.050000 | Q: 653.686218 | won: False 
# 4100 | steps_t: 29686 | t: 745.672734 | r:   600.400000 | avg_r:   569.523317 | e:   0.050000 | Q: 679.302368 | won: False 
# 4150 | steps_t: 29839 | t: 754.430960 | r:   760.000000 | avg_r:   571.997301 | e:   0.050000 | Q: 670.606506 | won: False 
# 4200 | steps_t: 30005 | t: 764.019974 | r:   993.000000 | avg_r:   573.653857 | e:   0.050000 | Q: 785.065002 | won: False 
# 4250 | steps_t: 30176 | t: 774.043828 | r:   504.000000 | avg_r:   574.641929 | e:   0.050000 | Q: 654.316650 | won: False 
# 4300 | steps_t: 30386 | t: 786.503531 | r:   969.000000 | avg_r:   575.970372 | e:   0.050000 | Q: 725.807800 | won: False 
# 4350 | steps_t: 30564 | t: 796.985436 | r:   590.400000 | avg_r:   578.478253 | e:   0.050000 | Q: 636.883057 | won: False 
# 4400 | steps_t: 30695 | t: 804.858264 | r:  1070.200000 | avg_r:   578.242227 | e:   0.050000 | Q: 798.065918 | won: False 
# 4450 | steps_t: 30806 | t: 811.475416 | r:   204.200000 | avg_r:   580.809618 | e:   0.050000 | Q: 557.856689 | won: False 
# 4500 | steps_t: 30961 | t: 820.495678 | r:   771.600000 | avg_r:   581.122400 | e:   0.050000 | Q: 803.888000 | won: False 
# 4550 | steps_t: 31086 | t: 827.894499 | r:  1062.000000 | avg_r:   581.473407 | e:   0.050000 | Q: 731.908508 | won: False 
# 4600 | steps_t: 31246 | t: 837.253013 | r:   299.800000 | avg_r:   583.000609 | e:   0.050000 | Q: 554.582031 | won: False 
# 4650 | steps_t: 31421 | t: 847.271585 | r:   870.600000 | avg_r:   584.629677 | e:   0.050000 | Q: 723.310913 | won: False 
# 4700 | steps_t: 31608 | t: 857.306537 | r:   898.000000 | avg_r:   586.595787 | e:   0.050000 | Q: 838.662781 | won: False 
# 4750 | steps_t: 31789 | t: 867.001763 | r:   804.600000 | avg_r:   587.532253 | e:   0.050000 | Q: 716.383850 | won: False 
# 4800 | steps_t: 31952 | t: 875.791433 | r:   504.000000 | avg_r:   589.769542 | e:   0.050000 | Q: 611.967834 | won: False 
# 4850 | steps_t: 32080 | t: 882.598546 | r:   815.800000 | avg_r:   590.421320 | e:   0.050000 | Q: 728.618652 | won: False 
# 4900 | steps_t: 32230 | t: 890.751546 | r:   300.600000 | avg_r:   592.118367 | e:   0.050000 | Q: 646.786621 | won: False 
# 4950 | steps_t: 32427 | t: 901.215030 | r:   196.200000 | avg_r:   592.744687 | e:   0.050000 | Q: 604.559753 | won: False 
# 5000 | steps_t: 32583 | t: 909.543181 | r:   600.800000 | avg_r:   594.786040 | e:   0.050000 | Q: 716.703979 | won: False 
