#   50 | steps_t: 12040 | t: 3.237347 | r:   180.000000 | avg_r:   467.196000 | e:   0.398000 | Q: 629.936279 | won: False 
#  100 | steps_t: 12173 | t: 8.595783 | r:   494.400000 | avg_r:   536.058000 | e:   0.391350 | Q: 655.420776 | won: False 
#  150 | steps_t: 12326 | t: 14.821747 | r:   248.400000 | avg_r:   525.264000 | e:   0.383700 | Q: 750.013550 | won: False 
#  200 | steps_t: 12468 | t: 20.630672 | r:   600.800000 | avg_r:   538.655000 | e:   0.376600 | Q: 754.985657 | won: False 
#  250 | steps_t: 12599 | t: 26.167568 | r:  1618.600000 | avg_r:   574.880800 | e:   0.370050 | Q: 1084.993774 | won: False 
#  300 | steps_t: 12794 | t: 34.638351 | r:   744.600000 | avg_r:   581.673333 | e:   0.360300 | Q: 834.128723 | won: False 
#  350 | steps_t: 12997 | t: 43.681770 | r:   290.200000 | avg_r:   620.091429 | e:   0.350150 | Q: 608.171509 | won: False 
#  400 | steps_t: 13165 | t: 51.424948 | r:   226.000000 | avg_r:   634.981000 | e:   0.341750 | Q: 622.293762 | won: False 
#  450 | steps_t: 13322 | t: 58.953625 | r:  1108.800000 | avg_r:   653.169333 | e:   0.333900 | Q: 1174.942017 | won: False 
#  500 | steps_t: 13446 | t: 65.026032 | r:   600.800000 | avg_r:   644.777200 | e:   0.327700 | Q: 815.735657 | won: False 
#  550 | steps_t: 13580 | t: 71.779238 | r:    -0.200000 | avg_r:   623.272364 | e:   0.321000 | Q: 749.232056 | won: False 
#  600 | steps_t: 13706 | t: 78.351392 | r:   -88.800000 | avg_r:   624.822333 | e:   0.314700 | Q: 593.782166 | won: False 
#  650 | steps_t: 13856 | t: 86.425158 | r:  1260.000000 | avg_r:   633.497846 | e:   0.307200 | Q: 1121.279297 | won: False 
#  700 | steps_t: 13989 | t: 93.736253 | r:   870.600000 | avg_r:   639.236857 | e:   0.300550 | Q: 951.815063 | won: False 
#  750 | steps_t: 14129 | t: 101.510655 | r:   350.600000 | avg_r:   646.706667 | e:   0.293550 | Q: 1209.112915 | won: False 
#  800 | steps_t: 14287 | t: 110.208498 | r:  1177.200000 | avg_r:   656.725250 | e:   0.285650 | Q: 1256.001587 | won: False 
#  850 | steps_t: 14408 | t: 116.970114 | r:   794.000000 | avg_r:   669.524235 | e:   0.279600 | Q: 1065.387939 | won: False 
#  900 | steps_t: 14561 | t: 125.606850 | r:  1114.000000 | avg_r:   679.192667 | e:   0.271950 | Q: 1275.153320 | won: False 
#  950 | steps_t: 14692 | t: 132.775950 | r:   799.000000 | avg_r:   676.536000 | e:   0.265400 | Q: 1189.892334 | won: False 
# 1000 | steps_t: 14829 | t: 140.418284 | r:   709.600000 | avg_r:   681.741000 | e:   0.258550 | Q: 1097.763794 | won: False 
# 1050 | steps_t: 14942 | t: 146.731210 | r:   260.000000 | avg_r:   682.936762 | e:   0.252900 | Q: 1164.390015 | won: False 
# 1100 | steps_t: 15054 | t: 152.957769 | r:  1289.600000 | avg_r:   690.340727 | e:   0.247300 | Q: 1146.381592 | won: False 
# 1150 | steps_t: 15161 | t: 158.803112 | r:  1142.600000 | avg_r:   687.998957 | e:   0.241950 | Q: 1223.084961 | won: False 
# 1200 | steps_t: 15303 | t: 166.610744 | r:   601.000000 | avg_r:   696.876167 | e:   0.234850 | Q: 946.368103 | won: False 
# 1250 | steps_t: 15462 | t: 175.299751 | r:  1049.600000 | avg_r:   696.419360 | e:   0.226900 | Q: 1036.643799 | won: False 
# 1300 | steps_t: 15599 | t: 182.859313 | r:   204.400000 | avg_r:   697.858462 | e:   0.220050 | Q: 822.470032 | won: False 
# 1350 | steps_t: 15740 | t: 190.542154 | r:   585.600000 | avg_r:   704.585630 | e:   0.213000 | Q: 1111.297852 | won: False 
# 1400 | steps_t: 15923 | t: 200.574071 | r:  -204.800000 | avg_r:   710.075143 | e:   0.203850 | Q: 978.127319 | won: False 
# 1450 | steps_t: 16055 | t: 207.915761 | r:  1088.200000 | avg_r:   712.341793 | e:   0.197250 | Q: 1087.530029 | won: False 
# 1500 | steps_t: 16169 | t: 214.199291 | r:   768.800000 | avg_r:   717.029200 | e:   0.191550 | Q: 1141.266602 | won: False 
