#   50 | steps_t: 32848 | t: 12.302414 | r:  -232.683871 | avg_r:   105.958323 | e:   0.671520 | Q: 270.175659 | won: False 
#  100 | steps_t: 33335 | t: 34.688826 | r:   841.223656 | avg_r:   128.605677 | e:   0.666650 | Q: 241.917389 | won: False 
#  150 | steps_t: 33688 | t: 52.121426 | r:  -125.578495 | avg_r:   119.999584 | e:   0.663120 | Q: 248.566711 | won: False 
#  200 | steps_t: 34091 | t: 73.936294 | r:   520.223656 | avg_r:   101.694946 | e:   0.659090 | Q: 310.872650 | won: False 
#  250 | steps_t: 34521 | t: 99.560746 | r:  -143.273118 | avg_r:   114.321170 | e:   0.654790 | Q: 213.117264 | won: False 
#  300 | steps_t: 34809 | t: 117.115975 | r:  -183.683871 | avg_r:    98.401685 | e:   0.651910 | Q: 242.329376 | won: False 
#  350 | steps_t: 35243 | t: 143.415316 | r:   855.234409 | avg_r:   115.003312 | e:   0.647570 | Q: 368.131592 | won: False 
#  400 | steps_t: 35573 | t: 164.144804 | r:   127.453763 | avg_r:   117.240059 | e:   0.644270 | Q: 270.245453 | won: False 
#  450 | steps_t: 36031 | t: 192.348148 | r:  -133.978495 | avg_r:   128.862404 | e:   0.639690 | Q: 258.784637 | won: False 
#  500 | steps_t: 36434 | t: 217.169065 | r:   495.423656 | avg_r:   136.000142 | e:   0.635660 | Q: 313.518494 | won: False 
#  550 | steps_t: 36803 | t: 239.906647 | r:  -204.178495 | avg_r:   138.735738 | e:   0.631970 | Q: 375.776367 | won: False 
#  600 | steps_t: 37261 | t: 266.625687 | r:   909.866667 | avg_r:   146.696455 | e:   0.627390 | Q: 356.817566 | won: False 
#  650 | steps_t: 37612 | t: 286.979393 | r:   373.169892 | avg_r:   151.308579 | e:   0.623880 | Q: 376.262665 | won: False 
#  700 | steps_t: 38128 | t: 316.435037 | r:  -145.462366 | avg_r:   163.886227 | e:   0.618720 | Q: 296.716370 | won: False 
#  750 | steps_t: 38528 | t: 339.335411 | r:   489.980645 | avg_r:   170.840766 | e:   0.614720 | Q: 394.578278 | won: False 
#  800 | steps_t: 38831 | t: 356.550743 | r:   -54.273118 | avg_r:   170.072629 | e:   0.611690 | Q: 394.435852 | won: False 
#  850 | steps_t: 39268 | t: 381.373559 | r:   -76.673118 | avg_r:   174.849354 | e:   0.607320 | Q: 328.707306 | won: False 
#  900 | steps_t: 39661 | t: 403.928380 | r:    17.137634 | avg_r:   179.818325 | e:   0.603390 | Q: 426.217590 | won: False 
#  950 | steps_t: 39992 | t: 423.392463 | r:   211.948387 | avg_r:   178.408333 | e:   0.600080 | Q: 320.576141 | won: False 
# 1000 | steps_t: 40415 | t: 448.062761 | r:   -24.767742 | avg_r:   189.216985 | e:   0.595850 | Q: 362.154266 | won: False 
# 1050 | steps_t: 40738 | t: 466.876144 | r:   756.507527 | avg_r:   189.672512 | e:   0.592620 | Q: 334.150574 | won: False 
# 1100 | steps_t: 41071 | t: 486.256605 | r:   531.275269 | avg_r:   195.230684 | e:   0.589290 | Q: 422.132904 | won: False 
# 1150 | steps_t: 41464 | t: 507.269764 | r:  -128.873118 | avg_r:   197.818022 | e:   0.585360 | Q: 391.513214 | won: False 
# 1200 | steps_t: 41801 | t: 525.519778 | r:   272.853763 | avg_r:   204.011900 | e:   0.581990 | Q: 342.574921 | won: False 
# 1250 | steps_t: 42125 | t: 543.377689 | r:  -113.873118 | avg_r:   204.107917 | e:   0.578750 | Q: 371.331970 | won: False 
# 1300 | steps_t: 42513 | t: 564.591233 | r:  -226.883871 | avg_r:   209.055856 | e:   0.574870 | Q: 281.937653 | won: False 
# 1350 | steps_t: 42928 | t: 587.311289 | r:  1190.655914 | avg_r:   216.808280 | e:   0.570720 | Q: 404.832947 | won: False 
# 1400 | steps_t: 43385 | t: 612.495160 | r:  1023.012903 | avg_r:   226.064498 | e:   0.566150 | Q: 538.433960 | won: False 
# 1450 | steps_t: 43755 | t: 632.927999 | r:   943.212903 | avg_r:   229.427993 | e:   0.562450 | Q: 431.125092 | won: False 
# 1500 | steps_t: 44051 | t: 649.246388 | r:   678.191398 | avg_r:   229.289849 | e:   0.559490 | Q: 350.730469 | won: False 
# 1550 | steps_t: 44454 | t: 672.328568 | r:   192.053763 | avg_r:   236.301455 | e:   0.555460 | Q: 345.874878 | won: False 
# 1600 | steps_t: 44781 | t: 690.410810 | r:   -25.567742 | avg_r:   238.595532 | e:   0.552190 | Q: 341.299774 | won: False 
# 1650 | steps_t: 45132 | t: 709.772156 | r:  -189.378495 | avg_r:   239.541705 | e:   0.548680 | Q: 299.987274 | won: False 
# 1700 | steps_t: 45593 | t: 735.078459 | r:   494.107527 | avg_r:   242.722598 | e:   0.544070 | Q: 587.224792 | won: False 
# 1750 | steps_t: 45935 | t: 753.308803 | r:   124.548387 | avg_r:   242.195046 | e:   0.540650 | Q: 422.065033 | won: False 
# 1800 | steps_t: 46352 | t: 776.272988 | r:    36.443011 | avg_r:   246.763830 | e:   0.536480 | Q: 351.540131 | won: False 
# 1850 | steps_t: 46798 | t: 798.459171 | r:   994.834409 | avg_r:   252.077252 | e:   0.532020 | Q: 442.004547 | won: False 
# 1900 | steps_t: 47175 | t: 818.528075 | r:   134.443011 | avg_r:   254.404808 | e:   0.528250 | Q: 412.581726 | won: False 
# 1950 | steps_t: 47555 | t: 838.843827 | r:   322.359140 | avg_r:   255.660699 | e:   0.524450 | Q: 410.701935 | won: False 
# 2000 | steps_t: 47923 | t: 858.620418 | r:   731.918280 | avg_r:   255.983410 | e:   0.520770 | Q: 308.911713 | won: False 
# 2050 | steps_t: 48235 | t: 875.370960 | r:   430.475269 | avg_r:   257.668992 | e:   0.517650 | Q: 409.234741 | won: False 
# 2100 | steps_t: 48632 | t: 896.677207 | r:   799.918280 | avg_r:   260.875858 | e:   0.513680 | Q: 367.690765 | won: False 
# 2150 | steps_t: 49027 | t: 917.910500 | r:  1065.634409 | avg_r:   263.920391 | e:   0.509730 | Q: 481.284637 | won: False 
# 2200 | steps_t: 49333 | t: 933.217619 | r:    83.737634 | avg_r:   264.819766 | e:   0.506670 | Q: 420.470398 | won: False 
# 2250 | steps_t: 49776 | t: 955.461381 | r:   -84.073118 | avg_r:   265.731879 | e:   0.502240 | Q: 460.373657 | won: False 
# 2300 | steps_t: 50154 | t: 974.989771 | r:  -302.683871 | avg_r:   266.544167 | e:   0.498460 | Q: 402.684845 | won: False 
# 2350 | steps_t: 50508 | t: 994.224648 | r:  -168.683871 | avg_r:   268.014366 | e:   0.494920 | Q: 386.247192 | won: False 
# 2400 | steps_t: 50906 | t: 1015.493835 | r:   388.959140 | avg_r:   270.063860 | e:   0.490940 | Q: 349.204773 | won: False 
# 2450 | steps_t: 51287 | t: 1036.242803 | r:   549.591398 | avg_r:   272.992466 | e:   0.487130 | Q: 375.478821 | won: False 
# 2500 | steps_t: 51734 | t: 1060.633373 | r:   290.064516 | avg_r:   274.617847 | e:   0.482660 | Q: 325.216461 | won: False 
# 2550 | steps_t: 52101 | t: 1080.819010 | r:  1616.298925 | avg_r:   275.391068 | e:   0.478990 | Q: 392.781799 | won: False 
# 2600 | steps_t: 52484 | t: 1101.959517 | r:   585.191398 | avg_r:   278.363254 | e:   0.475160 | Q: 353.776978 | won: False 
# 2650 | steps_t: 52858 | t: 1122.729514 | r:   -25.273118 | avg_r:   279.394326 | e:   0.471420 | Q: 382.386200 | won: False 
# 2700 | steps_t: 53290 | t: 1146.445573 | r:  -210.283871 | avg_r:   283.236412 | e:   0.467100 | Q: 509.672577 | won: False 
# 2750 | steps_t: 53586 | t: 1162.794065 | r:   331.559140 | avg_r:   284.051545 | e:   0.464140 | Q: 436.856293 | won: False 
# 2800 | steps_t: 53991 | t: 1184.096687 | r:   706.591398 | avg_r:   287.755305 | e:   0.460090 | Q: 435.253021 | won: False 
# 2850 | steps_t: 54290 | t: 1198.982769 | r:   643.507527 | avg_r:   288.108308 | e:   0.457100 | Q: 555.492798 | won: False 
# 2900 | steps_t: 54642 | t: 1216.499030 | r:  1785.615054 | avg_r:   291.939387 | e:   0.453580 | Q: 453.172150 | won: False 
# 2950 | steps_t: 55012 | t: 1235.598616 | r:   160.443011 | avg_r:   296.062096 | e:   0.449880 | Q: 440.864349 | won: False 
# 3000 | steps_t: 55365 | t: 1253.410187 | r:    59.632258 | avg_r:   298.468312 | e:   0.446350 | Q: 500.088013 | won: False 
# 3050 | steps_t: 55670 | t: 1268.965189 | r:  -318.989247 | avg_r:   299.613331 | e:   0.443300 | Q: 430.266449 | won: False 
# 3100 | steps_t: 55972 | t: 1285.267976 | r:   867.812903 | avg_r:   300.854724 | e:   0.440280 | Q: 478.410156 | won: False 
# 3150 | steps_t: 56300 | t: 1302.703784 | r:    41.232258 | avg_r:   303.326192 | e:   0.437000 | Q: 512.204285 | won: False 
# 3200 | steps_t: 56637 | t: 1320.755263 | r:   547.580645 | avg_r:   305.792294 | e:   0.433630 | Q: 456.197906 | won: False 
# 3250 | steps_t: 57003 | t: 1340.362473 | r:   -88.367742 | avg_r:   308.930512 | e:   0.429970 | Q: 481.643433 | won: False 
# 3300 | steps_t: 57334 | t: 1358.505349 | r:   110.937634 | avg_r:   311.565347 | e:   0.426660 | Q: 526.649109 | won: False 
# 3350 | steps_t: 57736 | t: 1380.428830 | r:  1165.129032 | avg_r:   315.853603 | e:   0.422640 | Q: 547.545593 | won: False 
# 3400 | steps_t: 58102 | t: 1400.164112 | r:   186.537634 | avg_r:   317.064713 | e:   0.418980 | Q: 542.065125 | won: False 
# 3450 | steps_t: 58473 | t: 1420.349926 | r:  -211.978495 | avg_r:   319.186844 | e:   0.415270 | Q: 586.308960 | won: False 
# 3500 | steps_t: 58871 | t: 1442.403609 | r:   452.391398 | avg_r:   320.273438 | e:   0.411290 | Q: 415.607635 | won: False 
# 3550 | steps_t: 59196 | t: 1460.648496 | r:    63.337634 | avg_r:   321.807883 | e:   0.408040 | Q: 526.067444 | won: False 
# 3600 | steps_t: 59579 | t: 1481.596915 | r:   896.707527 | avg_r:   324.077361 | e:   0.404210 | Q: 512.258240 | won: False 
# 3650 | steps_t: 59999 | t: 1504.915955 | r:   246.453763 | avg_r:   326.728385 | e:   0.400010 | Q: 521.181763 | won: False 
# 3700 | steps_t: 60369 | t: 1524.386311 | r:  1005.034409 | avg_r:   329.031819 | e:   0.396310 | Q: 529.585754 | won: False 
# 3750 | steps_t: 60694 | t: 1541.143872 | r:   179.148387 | avg_r:   329.904147 | e:   0.393060 | Q: 478.305298 | won: False 
# 3800 | steps_t: 61042 | t: 1559.412773 | r:   186.948387 | avg_r:   332.787370 | e:   0.389580 | Q: 567.166992 | won: False 
# 3850 | steps_t: 61526 | t: 1585.140943 | r:   215.948387 | avg_r:   337.246990 | e:   0.384740 | Q: 544.170105 | won: False 
# 3900 | steps_t: 61862 | t: 1603.694006 | r:   679.507527 | avg_r:   338.386450 | e:   0.381380 | Q: 538.060974 | won: False 
# 3950 | steps_t: 62166 | t: 1620.825003 | r:   897.223656 | avg_r:   338.837833 | e:   0.378340 | Q: 505.836182 | won: False 
# 4000 | steps_t: 62561 | t: 1642.846059 | r:   528.096774 | avg_r:   340.400915 | e:   0.374390 | Q: 430.986481 | won: False 
# 4050 | steps_t: 62852 | t: 1658.934017 | r:   128.043011 | avg_r:   341.185100 | e:   0.371480 | Q: 562.011963 | won: False 
# 4100 | steps_t: 63264 | t: 1682.298284 | r:   318.948387 | avg_r:   342.866134 | e:   0.367360 | Q: 505.325043 | won: False 
# 4150 | steps_t: 63653 | t: 1704.217872 | r:   646.286022 | avg_r:   344.764561 | e:   0.363470 | Q: 428.728333 | won: False 
# 4200 | steps_t: 64034 | t: 1725.652051 | r:   372.675269 | avg_r:   346.299326 | e:   0.359660 | Q: 499.074432 | won: False 
# 4250 | steps_t: 64374 | t: 1744.723310 | r:   219.475269 | avg_r:   348.107866 | e:   0.356260 | Q: 451.390259 | won: False 
# 4300 | steps_t: 64696 | t: 1762.801559 | r:   287.548387 | avg_r:   350.108411 | e:   0.353040 | Q: 531.998291 | won: False 
# 4350 | steps_t: 64967 | t: 1776.555526 | r:    76.337634 | avg_r:   350.309985 | e:   0.350330 | Q: 487.341858 | won: False 
# 4400 | steps_t: 65417 | t: 1799.919864 | r:   293.369892 | avg_r:   353.371285 | e:   0.345830 | Q: 497.730957 | won: False 
# 4450 | steps_t: 65766 | t: 1818.376848 | r:   -86.778495 | avg_r:   356.629905 | e:   0.342340 | Q: 538.682922 | won: False 
# 4500 | steps_t: 66085 | t: 1835.956412 | r:  -138.567742 | avg_r:   358.977128 | e:   0.339150 | Q: 509.542267 | won: False 
# 4550 | steps_t: 66425 | t: 1854.634662 | r:   346.064516 | avg_r:   360.856808 | e:   0.335750 | Q: 587.326721 | won: False 
# 4600 | steps_t: 66812 | t: 1876.094714 | r:   104.643011 | avg_r:   362.810212 | e:   0.331880 | Q: 573.989563 | won: False 
# 4650 | steps_t: 67198 | t: 1898.614166 | r:  1119.139785 | avg_r:   365.303652 | e:   0.328020 | Q: 556.358276 | won: False 
# 4700 | steps_t: 67537 | t: 1917.478392 | r:  -191.273118 | avg_r:   367.067814 | e:   0.324630 | Q: 710.005798 | won: False 
# 4750 | steps_t: 67855 | t: 1934.999707 | r:   705.391398 | avg_r:   368.487323 | e:   0.321450 | Q: 564.446167 | won: False 
# 4800 | steps_t: 68202 | t: 1954.670698 | r:  1369.266667 | avg_r:   371.283220 | e:   0.317980 | Q: 567.348389 | won: False 
# 4850 | steps_t: 68548 | t: 1974.378121 | r:   820.802151 | avg_r:   373.997730 | e:   0.314520 | Q: 644.250000 | won: False 
# 4900 | steps_t: 68888 | t: 1993.619169 | r:  1004.129032 | avg_r:   376.177118 | e:   0.311120 | Q: 614.798157 | won: False 
# 4950 | steps_t: 69275 | t: 2015.608900 | r:   105.432258 | avg_r:   377.680847 | e:   0.307250 | Q: 681.540527 | won: False 
# 5000 | steps_t: 69579 | t: 2033.140348 | r:    83.137634 | avg_r:   378.827317 | e:   0.304210 | Q: 591.556519 | won: False 
# 5050 | steps_t: 69883 | t: 2050.559828 | r:   498.391398 | avg_r:   380.798291 | e:   0.301170 | Q: 522.130920 | won: False 
# 5100 | steps_t: 70223 | t: 2070.123035 | r:  1028.718280 | avg_r:   383.312835 | e:   0.297770 | Q: 578.294434 | won: False 
# 5150 | steps_t: 70625 | t: 2092.061440 | r:   694.896774 | avg_r:   386.123313 | e:   0.293750 | Q: 625.629395 | won: False 
# 5200 | steps_t: 70917 | t: 2107.409503 | r:   516.675269 | avg_r:   387.944753 | e:   0.290830 | Q: 601.766968 | won: False 
# 5250 | steps_t: 71247 | t: 2124.646353 | r:   522.475269 | avg_r:   390.522697 | e:   0.287530 | Q: 673.453979 | won: False 
# 5300 | steps_t: 71687 | t: 2147.772465 | r:   502.369892 | avg_r:   392.950648 | e:   0.283130 | Q: 624.085205 | won: False 
# 5350 | steps_t: 72134 | t: 2171.322971 | r:   299.653763 | avg_r:   396.100706 | e:   0.278660 | Q: 703.657776 | won: False 
# 5400 | steps_t: 72516 | t: 2192.479945 | r:  1026.507527 | avg_r:   398.620105 | e:   0.274840 | Q: 670.507019 | won: False 
# 5450 | steps_t: 72883 | t: 2212.884742 | r:   578.580645 | avg_r:   401.670579 | e:   0.271170 | Q: 722.228577 | won: False 
# 5500 | steps_t: 73232 | t: 2232.327433 | r:   660.886022 | avg_r:   403.967568 | e:   0.267680 | Q: 689.345886 | won: False 
# 5550 | steps_t: 73598 | t: 2253.127724 | r:    41.232258 | avg_r:   407.103447 | e:   0.264020 | Q: 601.060974 | won: False 
# 5600 | steps_t: 73996 | t: 2276.025656 | r:  1449.339785 | avg_r:   410.462625 | e:   0.260040 | Q: 689.536133 | won: False 
# 5650 | steps_t: 74438 | t: 2301.438660 | r:   896.823656 | avg_r:   414.081690 | e:   0.255620 | Q: 834.508606 | won: False 
# 5700 | steps_t: 74766 | t: 2320.359005 | r:   233.348387 | avg_r:   416.024413 | e:   0.252340 | Q: 825.062134 | won: False 
# 5750 | steps_t: 75101 | t: 2341.084818 | r:  1194.423656 | avg_r:   419.150098 | e:   0.248990 | Q: 778.492920 | won: False 
# 5800 | steps_t: 75394 | t: 2358.120233 | r:   114.632258 | avg_r:   421.491118 | e:   0.246060 | Q: 752.971191 | won: False 
# 5850 | steps_t: 75717 | t: 2376.095387 | r:  1094.812903 | avg_r:   424.595138 | e:   0.242830 | Q: 815.679260 | won: False 
# 5900 | steps_t: 76007 | t: 2391.805457 | r:   355.653763 | avg_r:   427.186673 | e:   0.239930 | Q: 811.512939 | won: False 
# 5950 | steps_t: 76369 | t: 2411.972733 | r:  1424.045161 | avg_r:   431.247931 | e:   0.236310 | Q: 787.294861 | won: False 
# 6000 | steps_t: 76650 | t: 2427.735475 | r:   423.475269 | avg_r:   433.753549 | e:   0.233500 | Q: 807.931946 | won: False 
# 6050 | steps_t: 77026 | t: 2448.938031 | r:   291.653763 | avg_r:   436.684716 | e:   0.229740 | Q: 821.090271 | won: False 
# 6100 | steps_t: 77341 | t: 2466.683361 | r:  -128.178495 | avg_r:   439.084046 | e:   0.226590 | Q: 898.539185 | won: False 
# 6150 | steps_t: 77646 | t: 2483.962633 | r:  1188.729032 | avg_r:   442.432099 | e:   0.223540 | Q: 812.525757 | won: False 
# 6200 | steps_t: 77979 | t: 2503.075390 | r:   623.969892 | avg_r:   445.297706 | e:   0.220210 | Q: 915.942383 | won: False 
# 6250 | steps_t: 78329 | t: 2523.474523 | r:   893.096774 | avg_r:   447.773038 | e:   0.216710 | Q: 897.081421 | won: False 
# 6300 | steps_t: 78737 | t: 2547.122989 | r:  1015.202151 | avg_r:   450.414312 | e:   0.212630 | Q: 916.227966 | won: False 
# 6350 | steps_t: 79266 | t: 2577.678874 | r:  1230.929032 | avg_r:   453.729428 | e:   0.207340 | Q: 843.328918 | won: False 
# 6400 | steps_t: 79536 | t: 2593.457667 | r:   932.507527 | avg_r:   457.328446 | e:   0.204640 | Q: 879.607788 | won: False 
# 6450 | steps_t: 79952 | t: 2615.566841 | r:   250.948387 | avg_r:   460.205622 | e:   0.200480 | Q: 886.713562 | won: False 
# 6500 | steps_t: 80306 | t: 2634.554015 | r:   609.675269 | avg_r:   463.455537 | e:   0.196940 | Q: 895.282776 | won: False 
# 6550 | steps_t: 80700 | t: 2656.441887 | r:   853.496774 | avg_r:   467.912018 | e:   0.193000 | Q: 917.811951 | won: False 
# 6600 | steps_t: 81038 | t: 2675.592390 | r:   798.191398 | avg_r:   471.681090 | e:   0.189620 | Q: 929.117981 | won: False 
# 6650 | steps_t: 81432 | t: 2698.041228 | r:   929.402151 | avg_r:   475.624949 | e:   0.185680 | Q: 923.245178 | won: False 
# 6700 | steps_t: 81816 | t: 2720.221028 | r:  1274.645161 | avg_r:   479.050795 | e:   0.181840 | Q: 984.992188 | won: False 
# 6750 | steps_t: 82141 | t: 2739.118181 | r:  1312.339785 | avg_r:   482.675272 | e:   0.178590 | Q: 1084.039673 | won: False 
# 6800 | steps_t: 82422 | t: 2755.489156 | r:  1239.539785 | avg_r:   485.313124 | e:   0.175780 | Q: 921.241455 | won: False 
# 6850 | steps_t: 82882 | t: 2782.404638 | r:  1237.823656 | avg_r:   488.711515 | e:   0.171180 | Q: 919.859802 | won: False 
# 6900 | steps_t: 83156 | t: 2798.568697 | r:  1248.929032 | avg_r:   492.118842 | e:   0.168440 | Q: 971.508728 | won: False 
# 6950 | steps_t: 83666 | t: 2828.357807 | r:  1179.350538 | avg_r:   494.943821 | e:   0.163340 | Q: 934.234436 | won: False 
# 7000 | steps_t: 83983 | t: 2847.001291 | r:  1549.855914 | avg_r:   497.971825 | e:   0.160170 | Q: 957.343872 | won: False 
# 7050 | steps_t: 84320 | t: 2866.805233 | r:   718.286022 | avg_r:   500.720553 | e:   0.156800 | Q: 904.941040 | won: False 
# 7100 | steps_t: 84651 | t: 2886.336311 | r:   638.180645 | avg_r:   503.865842 | e:   0.153490 | Q: 959.162537 | won: False 
# 7150 | steps_t: 85046 | t: 2911.234683 | r:  1319.539785 | avg_r:   507.585861 | e:   0.149540 | Q: 919.832825 | won: False 
# 7200 | steps_t: 85408 | t: 2932.716394 | r:   701.580645 | avg_r:   510.376363 | e:   0.145920 | Q: 1060.006958 | won: False 
# 7250 | steps_t: 85709 | t: 2950.504071 | r:   499.569892 | avg_r:   513.722335 | e:   0.142910 | Q: 1003.708374 | won: False 
# 7300 | steps_t: 86071 | t: 2971.817666 | r:   573.969892 | avg_r:   516.761842 | e:   0.139290 | Q: 943.527283 | won: False 
# 7350 | steps_t: 86493 | t: 2995.995222 | r:  1198.034409 | avg_r:   519.641830 | e:   0.135070 | Q: 937.256775 | won: False 
# 7400 | steps_t: 86881 | t: 3016.746400 | r:  1589.750538 | avg_r:   523.016811 | e:   0.131190 | Q: 988.007019 | won: False 
# 7450 | steps_t: 87221 | t: 3035.000643 | r:   778.191398 | avg_r:   527.106980 | e:   0.127790 | Q: 941.406677 | won: False 
# 7500 | steps_t: 87551 | t: 3052.825670 | r:  1050.707527 | avg_r:   530.121128 | e:   0.124490 | Q: 959.013367 | won: False 
# 7550 | steps_t: 87955 | t: 3074.742757 | r:  2049.920430 | avg_r:   533.335638 | e:   0.120450 | Q: 1024.294556 | won: False 
# 7600 | steps_t: 88279 | t: 3092.985119 | r:   508.675269 | avg_r:   536.027082 | e:   0.117210 | Q: 978.530090 | won: False 
# 7650 | steps_t: 88643 | t: 3113.972427 | r:   968.602151 | avg_r:   539.861737 | e:   0.113570 | Q: 1058.859253 | won: False 
# 7700 | steps_t: 89027 | t: 3136.218513 | r:  1569.845161 | avg_r:   543.760905 | e:   0.109730 | Q: 1081.362793 | won: False 
# 7750 | steps_t: 89381 | t: 3156.827314 | r:  1344.529032 | avg_r:   546.720386 | e:   0.106190 | Q: 1025.775024 | won: False 
# 7800 | steps_t: 89692 | t: 3174.999357 | r:  1456.361290 | avg_r:   549.423300 | e:   0.103080 | Q: 1026.354370 | won: False 
# 7850 | steps_t: 90031 | t: 3195.004223 | r:  1010.907527 | avg_r:   553.445522 | e:   0.099690 | Q: 1039.973145 | won: False 
# 7900 | steps_t: 90396 | t: 3216.385685 | r:   253.548387 | avg_r:   557.336511 | e:   0.096040 | Q: 948.913818 | won: False 
# 7950 | steps_t: 90759 | t: 3237.502257 | r:  1611.561290 | avg_r:   562.025908 | e:   0.092410 | Q: 1115.690063 | won: False 
# 8000 | steps_t: 91131 | t: 3259.110443 | r:   746.886022 | avg_r:   565.882250 | e:   0.088690 | Q: 1142.196289 | won: False 
# 8050 | steps_t: 91410 | t: 3275.186244 | r:  1598.161290 | avg_r:   569.672454 | e:   0.085900 | Q: 1094.227905 | won: False 
# 8100 | steps_t: 91710 | t: 3292.437922 | r:   514.275269 | avg_r:   573.685552 | e:   0.082900 | Q: 1134.100586 | won: False 
# 8150 | steps_t: 92039 | t: 3311.633163 | r:  1272.772043 | avg_r:   577.035215 | e:   0.079610 | Q: 1121.166382 | won: False 
# 8200 | steps_t: 92386 | t: 3331.687981 | r:  1727.961290 | avg_r:   580.935219 | e:   0.076140 | Q: 1097.290039 | won: False 
# 8250 | steps_t: 92696 | t: 3349.800958 | r:  1914.193548 | avg_r:   585.274723 | e:   0.073040 | Q: 1104.170410 | won: False 
# 8300 | steps_t: 93105 | t: 3373.301289 | r:  1732.161290 | avg_r:   590.384534 | e:   0.068950 | Q: 1074.869751 | won: False 
# 8350 | steps_t: 93368 | t: 3388.826557 | r:  1711.361290 | avg_r:   593.375235 | e:   0.066320 | Q: 1167.862305 | won: False 
# 8400 | steps_t: 93710 | t: 3408.669695 | r:  1743.698925 | avg_r:   597.682174 | e:   0.062900 | Q: 1114.607666 | won: False 
# 8450 | steps_t: 94132 | t: 3433.558516 | r:   206.348387 | avg_r:   602.233813 | e:   0.058680 | Q: 1096.953003 | won: False 
# 8500 | steps_t: 94458 | t: 3452.750562 | r:   314.653763 | avg_r:   606.075195 | e:   0.055420 | Q: 1177.631592 | won: False 
# 8550 | steps_t: 94840 | t: 3475.165339 | r:  2308.909677 | avg_r:   610.608953 | e:   0.051600 | Q: 1144.018799 | won: False 
# 8600 | steps_t: 95125 | t: 3491.763616 | r:  1889.393548 | avg_r:   615.141657 | e:   0.050000 | Q: 1248.135620 | won: False 
# 8650 | steps_t: 95462 | t: 3511.450187 | r:  1107.412903 | avg_r:   618.802188 | e:   0.050000 | Q: 1171.969849 | won: False 
# 8700 | steps_t: 95806 | t: 3531.525489 | r:   524.875269 | avg_r:   622.951038 | e:   0.050000 | Q: 1273.466187 | won: False 
# 8750 | steps_t: 96192 | t: 3554.112909 | r:  2086.404301 | avg_r:   627.499808 | e:   0.050000 | Q: 1212.151611 | won: False 
# 8800 | steps_t: 96490 | t: 3571.661229 | r:  2208.698925 | avg_r:   631.704414 | e:   0.050000 | Q: 1163.837769 | won: False 
# 8850 | steps_t: 96769 | t: 3587.892234 | r:  1749.172043 | avg_r:   635.800047 | e:   0.050000 | Q: 1177.574219 | won: False 
# 8900 | steps_t: 97107 | t: 3607.465424 | r:  2315.625806 | avg_r:   640.552107 | e:   0.050000 | Q: 1331.766479 | won: False 
# 8950 | steps_t: 97417 | t: 3625.568887 | r:  1570.255914 | avg_r:   644.670577 | e:   0.050000 | Q: 1299.654785 | won: False 
# 9000 | steps_t: 97724 | t: 3645.270393 | r:   635.475269 | avg_r:   648.886334 | e:   0.050000 | Q: 1220.013794 | won: False 
# 9050 | steps_t: 98031 | t: 3662.925996 | r:   857.791398 | avg_r:   652.596170 | e:   0.050000 | Q: 1222.394897 | won: False 
# 9100 | steps_t: 98351 | t: 3681.384144 | r:  1754.066667 | avg_r:   656.480324 | e:   0.050000 | Q: 1324.321167 | won: False 
# 9150 | steps_t: 98631 | t: 3697.755048 | r:   706.180645 | avg_r:   660.506232 | e:   0.050000 | Q: 1203.090332 | won: False 
# 9200 | steps_t: 98999 | t: 3719.298074 | r:  1646.255914 | avg_r:   664.498953 | e:   0.050000 | Q: 1124.292236 | won: False 
# 9250 | steps_t: 99294 | t: 3736.544122 | r:  1651.655914 | avg_r:   668.410746 | e:   0.050000 | Q: 1187.914062 | won: False 
# 9300 | steps_t: 99669 | t: 3758.564998 | r:  2101.004301 | avg_r:   673.151093 | e:   0.050000 | Q: 1275.474243 | won: False 
# 9350 | steps_t: 99982 | t: 3776.928537 | r:  1499.950538 | avg_r:   677.157678 | e:   0.050000 | Q: 1273.877319 | won: False 
# 9400 | steps_t: 100253 | t: 3792.974425 | r:   766.886022 | avg_r:   680.757786 | e:   0.050000 | Q: 1199.515625 | won: False 
# 9450 | steps_t: 100552 | t: 3810.666216 | r:  1132.412903 | avg_r:   684.895267 | e:   0.050000 | Q: 1230.465942 | won: False 
# 9500 | steps_t: 100932 | t: 3833.162314 | r:  1214.318280 | avg_r:   687.885243 | e:   0.050000 | Q: 1310.507446 | won: False 
# 9550 | steps_t: 101214 | t: 3849.834297 | r:  1565.950538 | avg_r:   691.514596 | e:   0.050000 | Q: 1130.257568 | won: False 
# 9600 | steps_t: 101497 | t: 3866.854307 | r:  1658.361290 | avg_r:   695.237381 | e:   0.050000 | Q: 1251.139160 | won: False 
# 9650 | steps_t: 101821 | t: 3886.692550 | r:  1705.361290 | avg_r:   698.992490 | e:   0.050000 | Q: 1233.873901 | won: False 
# 9700 | steps_t: 102099 | t: 3902.501757 | r:  1771.077419 | avg_r:   702.363332 | e:   0.050000 | Q: 1269.880981 | won: False 
# 9750 | steps_t: 102487 | t: 3924.164712 | r:   519.169892 | avg_r:   706.001142 | e:   0.050000 | Q: 1258.340210 | won: False 
# 9800 | steps_t: 102702 | t: 3936.296111 | r:  1702.572043 | avg_r:   708.579561 | e:   0.050000 | Q: 1350.603271 | won: False 
# 9850 | steps_t: 103075 | t: 3957.162572 | r:  1605.961290 | avg_r:   712.220208 | e:   0.050000 | Q: 1318.935547 | won: False 
# 9900 | steps_t: 103421 | t: 3976.466375 | r:  1850.277419 | avg_r:   715.951869 | e:   0.050000 | Q: 1289.161743 | won: False 
# 9950 | steps_t: 103787 | t: 3996.749349 | r:  1890.393548 | avg_r:   719.679794 | e:   0.050000 | Q: 1211.182495 | won: False 
# 10000 | steps_t: 104094 | t: 4013.786243 | r:  1728.772043 | avg_r:   722.570756 | e:   0.050000 | Q: 1289.283813 | won: False 
