#   50 | steps_t:   131 | t: 5.222046 | r:   537.000000 | avg_r:    10.300000 | e:   0.997380 | Q:        nan | won: False 
#  100 | steps_t:   298 | t: 11.525556 | r:  -125.400000 | avg_r:     0.576000 | e:   0.994040 | Q:        nan | won: False 
#  150 | steps_t:   497 | t: 19.191170 | r:  -395.000000 | avg_r:    15.173333 | e:   0.990060 | Q:   1.945832 | won: False 
#  200 | steps_t:   668 | t: 26.046049 | r:    57.600000 | avg_r:    35.173000 | e:   0.986640 | Q:   8.843244 | won: False 
#  250 | steps_t:   843 | t: 33.301177 | r:   -83.200000 | avg_r:    39.556000 | e:   0.983140 | Q: 187.374069 | won: False 
#  300 | steps_t:  1024 | t: 41.080677 | r:   360.200000 | avg_r:    51.895333 | e:   0.979520 | Q:        nan | won: False 
#  350 | steps_t:  1188 | t: 48.525821 | r:  -157.800000 | avg_r:    42.116571 | e:   0.976240 | Q:        nan | won: False 
#  400 | steps_t:  1359 | t: 56.887100 | r:   -79.600000 | avg_r:    35.625500 | e:   0.972820 | Q:  84.499741 | won: False 
#  450 | steps_t:  1539 | t: 66.294631 | r:   274.200000 | avg_r:    33.499556 | e:   0.969220 | Q: 102.186546 | won: False 
#  500 | steps_t:  1757 | t: 77.928026 | r:  -384.000000 | avg_r:    43.962400 | e:   0.964860 | Q:        nan | won: False 
#  550 | steps_t:  1944 | t: 88.225929 | r:   327.800000 | avg_r:    43.735636 | e:   0.961120 | Q:        nan | won: False 
#  600 | steps_t:  2082 | t: 95.802299 | r:  -478.000000 | avg_r:    43.918667 | e:   0.958360 | Q: 114.416039 | won: False 
#  650 | steps_t:  2235 | t: 104.627404 | r:   422.800000 | avg_r:    38.668923 | e:   0.955300 | Q:        nan | won: False 
#  700 | steps_t:  2436 | t: 116.389100 | r:   782.800000 | avg_r:    47.655143 | e:   0.951280 | Q: 163.002930 | won: False 
#  750 | steps_t:  2632 | t: 127.805412 | r:   438.400000 | avg_r:    60.046933 | e:   0.947360 | Q:        nan | won: False 
#  800 | steps_t:  2823 | t: 138.922414 | r:  -201.000000 | avg_r:    64.345250 | e:   0.943540 | Q: 151.180756 | won: False 
#  850 | steps_t:  3022 | t: 150.387274 | r:   451.200000 | avg_r:    71.066824 | e:   0.939560 | Q: 164.421310 | won: False 
#  900 | steps_t:  3171 | t: 158.944360 | r:  -443.000000 | avg_r:    67.819778 | e:   0.936580 | Q:        nan | won: False 
#  950 | steps_t:  3375 | t: 170.648313 | r:   595.400000 | avg_r:    63.858947 | e:   0.932500 | Q: 148.557312 | won: False 
# 1000 | steps_t:  3537 | t: 179.955092 | r:   374.000000 | avg_r:    63.483800 | e:   0.929260 | Q: 142.378265 | won: False 
# 1050 | steps_t:  3751 | t: 192.205176 | r:  1386.000000 | avg_r:    67.252762 | e:   0.924980 | Q: 239.651077 | won: False 
# 1100 | steps_t:  3908 | t: 201.173847 | r:   357.200000 | avg_r:    67.202182 | e:   0.921840 | Q:        nan | won: False 
# 1150 | steps_t:  4089 | t: 211.490144 | r:  -476.000000 | avg_r:    71.550261 | e:   0.918220 | Q: 189.905685 | won: False 
# 1200 | steps_t:  4293 | t: 223.039541 | r:   910.600000 | avg_r:    71.253500 | e:   0.914140 | Q: 361.238922 | won: False 
# 1250 | steps_t:  4456 | t: 231.903092 | r:  -140.600000 | avg_r:    64.733920 | e:   0.910880 | Q: 187.575516 | won: False 
# 1300 | steps_t:  4616 | t: 240.420884 | r:  -396.000000 | avg_r:    60.839231 | e:   0.907680 | Q: 146.123978 | won: False 
# 1350 | steps_t:  4785 | t: 249.240704 | r:   -40.200000 | avg_r:    58.735704 | e:   0.904300 | Q: 128.946915 | won: False 
# 1400 | steps_t:  5012 | t: 261.070041 | r:  -123.200000 | avg_r:    63.283000 | e:   0.899760 | Q: 114.783783 | won: False 
# 1450 | steps_t:  5191 | t: 270.462554 | r:   113.200000 | avg_r:    63.416414 | e:   0.896180 | Q: 127.532005 | won: False 
# 1500 | steps_t:  5379 | t: 280.503682 | r:  -108.200000 | avg_r:    64.970267 | e:   0.892420 | Q: 158.130554 | won: False 
# 1550 | steps_t:  5546 | t: 289.182138 | r:  -409.000000 | avg_r:    60.942968 | e:   0.889080 | Q: 151.526093 | won: False 
# 1600 | steps_t:  5714 | t: 297.917269 | r:  -202.000000 | avg_r:    59.466375 | e:   0.885720 | Q: 110.997246 | won: False 
# 1650 | steps_t:  5907 | t: 307.842251 | r:   204.600000 | avg_r:    57.765576 | e:   0.881860 | Q:  84.990906 | won: False 
# 1700 | steps_t:  6129 | t: 319.273111 | r:   186.200000 | avg_r:    58.846235 | e:   0.877420 | Q:  88.239555 | won: False 
# 1750 | steps_t:  6326 | t: 329.368316 | r:  -173.800000 | avg_r:    61.708571 | e:   0.873480 | Q: 164.519333 | won: False 
# 1800 | steps_t:  6545 | t: 340.581179 | r:   791.800000 | avg_r:    62.910111 | e:   0.869100 | Q: 195.787354 | won: False 
# 1850 | steps_t:  6721 | t: 349.437343 | r:  -115.400000 | avg_r:    61.345946 | e:   0.865580 | Q: 181.427063 | won: False 
# 1900 | steps_t:  6936 | t: 360.245678 | r:   -85.000000 | avg_r:    58.405579 | e:   0.861280 | Q: 165.061523 | won: False 
# 1950 | steps_t:  7106 | t: 368.745155 | r:   152.000000 | avg_r:    59.103897 | e:   0.857880 | Q: 126.927315 | won: False 
# 2000 | steps_t:  7297 | t: 378.245535 | r:   292.000000 | avg_r:    60.198300 | e:   0.854060 | Q: 184.970261 | won: False 
# 2050 | steps_t:  7471 | t: 386.947894 | r:  -380.000000 | avg_r:    59.924000 | e:   0.850580 | Q:        nan | won: False 
# 2100 | steps_t:  7677 | t: 397.137116 | r:   597.800000 | avg_r:    61.855810 | e:   0.846460 | Q: 333.429504 | won: False 
# 2150 | steps_t:  7845 | t: 405.529575 | r:  -283.600000 | avg_r:    61.201674 | e:   0.843100 | Q: 163.530930 | won: False 
# 2200 | steps_t:  8001 | t: 413.310723 | r:   -52.200000 | avg_r:    64.769000 | e:   0.839980 | Q: 230.504745 | won: False 
# 2250 | steps_t:  8167 | t: 421.487988 | r:   516.000000 | avg_r:    68.962044 | e:   0.836660 | Q: 248.479996 | won: False 
# 2300 | steps_t:  8349 | t: 430.535216 | r:  -125.000000 | avg_r:    70.140696 | e:   0.833020 | Q: 470.469421 | won: False 
# 2350 | steps_t:  8511 | t: 438.489973 | r:   748.400000 | avg_r:    71.152340 | e:   0.829780 | Q: 707.230103 | won: False 
# 2400 | steps_t:  8648 | t: 445.231180 | r:   478.800000 | avg_r:    70.820833 | e:   0.827040 | Q: 677.424866 | won: False 
# 2450 | steps_t:  8818 | t: 453.619491 | r:    -6.800000 | avg_r:    73.584000 | e:   0.823640 | Q: 533.352112 | won: False 
# 2500 | steps_t:  9000 | t: 462.570375 | r:   714.200000 | avg_r:    77.966480 | e:   0.820000 | Q: 884.478760 | won: False 
# 2550 | steps_t:  9167 | t: 470.759891 | r:   157.000000 | avg_r:    80.230902 | e:   0.816660 | Q: 665.216980 | won: False 
# 2600 | steps_t:  9317 | t: 478.091735 | r:   740.800000 | avg_r:    83.312692 | e:   0.813660 | Q: 731.736450 | won: False 
# 2650 | steps_t:  9454 | t: 484.868494 | r:   -97.600000 | avg_r:    82.949132 | e:   0.810920 | Q: 211.697189 | won: False 
# 2700 | steps_t:  9603 | t: 492.032628 | r:  1308.600000 | avg_r:    85.146815 | e:   0.807940 | Q: 1318.865845 | won: False 
# 2750 | steps_t:  9753 | t: 499.256330 | r:  -345.000000 | avg_r:    89.656218 | e:   0.804940 | Q: 263.187042 | won: False 
# 2800 | steps_t:  9923 | t: 507.493394 | r:   -79.800000 | avg_r:    91.984857 | e:   0.801540 | Q: 320.361359 | won: False 
# 2850 | steps_t: 10104 | t: 516.446266 | r:   708.400000 | avg_r:    96.473544 | e:   0.797920 | Q: 703.710022 | won: False 
# 2900 | steps_t: 10262 | t: 524.391676 | r:   272.200000 | avg_r:    98.764345 | e:   0.794760 | Q: 791.682068 | won: False 
# 2950 | steps_t: 10400 | t: 531.395893 | r:   -73.400000 | avg_r:   102.040068 | e:   0.792000 | Q: 764.468750 | won: False 
# 3000 | steps_t: 10572 | t: 539.952478 | r:   -52.200000 | avg_r:   103.440800 | e:   0.788560 | Q: 687.626465 | won: False 
# 3050 | steps_t: 10716 | t: 547.258147 | r:   241.600000 | avg_r:   105.990230 | e:   0.785680 | Q: 585.151245 | won: False 
# 3100 | steps_t: 10865 | t: 554.817619 | r:  -507.000000 | avg_r:   108.620581 | e:   0.782700 | Q: 487.888519 | won: False 
# 3150 | steps_t: 11000 | t: 561.873269 | r:  -347.000000 | avg_r:   111.487556 | e:   0.780000 | Q: 329.789764 | won: False 
# 3200 | steps_t: 11185 | t: 571.186045 | r:   -88.600000 | avg_r:   114.380438 | e:   0.776300 | Q: 585.411743 | won: False 
# 3250 | steps_t: 11384 | t: 581.099129 | r:  -104.000000 | avg_r:   117.218831 | e:   0.772320 | Q: 504.908936 | won: False 
# 3300 | steps_t: 11521 | t: 587.649302 | r:   487.400000 | avg_r:   118.588364 | e:   0.769580 | Q: 697.731018 | won: False 
# 3350 | steps_t: 11693 | t: 595.867737 | r:    90.200000 | avg_r:   120.353015 | e:   0.766140 | Q: 567.632935 | won: False 
# 3400 | steps_t: 11864 | t: 604.077925 | r:   729.600000 | avg_r:   122.350118 | e:   0.762720 | Q: 1407.928833 | won: False 
# 3450 | steps_t: 12020 | t: 611.642693 | r:  1261.400000 | avg_r:   124.492870 | e:   0.759600 | Q: 1185.090088 | won: False 
# 3500 | steps_t: 12202 | t: 620.658542 | r:   -62.200000 | avg_r:   127.245943 | e:   0.755960 | Q: 351.159393 | won: False 
# 3550 | steps_t: 12345 | t: 628.231799 | r:  1225.800000 | avg_r:   128.832732 | e:   0.753100 | Q: 1142.197754 | won: False 
# 3600 | steps_t: 12515 | t: 637.170192 | r:   804.600000 | avg_r:   131.368222 | e:   0.749700 | Q: 559.705017 | won: False 
# 3650 | steps_t: 12667 | t: 645.011391 | r:   586.800000 | avg_r:   133.072164 | e:   0.746660 | Q: 1030.393433 | won: False 
# 3700 | steps_t: 12856 | t: 654.745517 | r:   270.200000 | avg_r:   135.028324 | e:   0.742880 | Q: 374.868347 | won: False 
# 3750 | steps_t: 13021 | t: 663.228890 | r:   312.400000 | avg_r:   138.391307 | e:   0.739580 | Q: 920.634827 | won: False 
# 3800 | steps_t: 13185 | t: 671.660093 | r:   -95.800000 | avg_r:   142.290842 | e:   0.736300 | Q: 459.847443 | won: False 
# 3850 | steps_t: 13360 | t: 680.677316 | r:   258.600000 | avg_r:   146.154909 | e:   0.732800 | Q: 471.393280 | won: False 
# 3900 | steps_t: 13511 | t: 688.506629 | r:  -101.600000 | avg_r:   149.212513 | e:   0.729780 | Q: 346.588104 | won: False 
# 3950 | steps_t: 13666 | t: 696.534539 | r:  1511.200000 | avg_r:   151.883544 | e:   0.726680 | Q: 1144.054932 | won: False 
# 4000 | steps_t: 13829 | t: 705.106643 | r:   306.000000 | avg_r:   153.470050 | e:   0.723420 | Q: 989.534546 | won: False 
# 4050 | steps_t: 13968 | t: 712.390992 | r:  -177.000000 | avg_r:   154.148099 | e:   0.720640 | Q: 422.761597 | won: False 
# 4100 | steps_t: 14100 | t: 719.485785 | r:   141.600000 | avg_r:   154.096683 | e:   0.718000 | Q: 434.083923 | won: False 
# 4150 | steps_t: 14225 | t: 725.837603 | r:   224.400000 | avg_r:   154.982265 | e:   0.715500 | Q: 470.346313 | won: False 
# 4200 | steps_t: 14353 | t: 732.425820 | r:  -165.200000 | avg_r:   155.922000 | e:   0.712940 | Q: 554.904236 | won: False 
# 4250 | steps_t: 14515 | t: 740.732465 | r:   489.600000 | avg_r:   157.297082 | e:   0.709700 | Q: 573.196716 | won: False 
# 4300 | steps_t: 14646 | t: 747.505540 | r:   162.000000 | avg_r:   159.796930 | e:   0.707080 | Q: 352.777740 | won: False 
# 4350 | steps_t: 14808 | t: 755.973038 | r:   804.600000 | avg_r:   163.403908 | e:   0.703840 | Q: 846.178833 | won: False 
# 4400 | steps_t: 15020 | t: 765.825159 | r:   -98.400000 | avg_r:   166.719682 | e:   0.699600 | Q: 474.703094 | won: False 
# 4450 | steps_t: 15203 | t: 774.277605 | r:   442.400000 | avg_r:   168.967416 | e:   0.695940 | Q: 654.381226 | won: False 
# 4500 | steps_t: 15341 | t: 780.703965 | r:   213.000000 | avg_r:   169.623733 | e:   0.693180 | Q: 533.920044 | won: False 
# 4550 | steps_t: 15477 | t: 787.085084 | r:   218.800000 | avg_r:   170.947473 | e:   0.690460 | Q: 399.526428 | won: False 
# 4600 | steps_t: 15649 | t: 795.219777 | r:  -106.000000 | avg_r:   174.046696 | e:   0.687020 | Q: 418.300171 | won: False 
# 4650 | steps_t: 15834 | t: 804.050416 | r:   479.400000 | avg_r:   176.186022 | e:   0.683320 | Q: 845.782715 | won: False 
# 4700 | steps_t: 16022 | t: 813.188201 | r:   542.400000 | avg_r:   177.902085 | e:   0.679560 | Q: 1001.280579 | won: False 
# 4750 | steps_t: 16190 | t: 821.640043 | r:   829.000000 | avg_r:   180.701642 | e:   0.676200 | Q: 566.610107 | won: False 
# 4800 | steps_t: 16328 | t: 828.793087 | r:   -12.000000 | avg_r:   182.343958 | e:   0.673440 | Q: 595.222351 | won: False 
# 4850 | steps_t: 16516 | t: 838.590479 | r:  2883.200000 | avg_r:   185.681443 | e:   0.669680 | Q: 1088.083862 | won: True 
# 4900 | steps_t: 16671 | t: 846.562576 | r:   660.800000 | avg_r:   188.627184 | e:   0.666580 | Q: 863.705200 | won: False 
# 4950 | steps_t: 16835 | t: 854.602622 | r:   465.200000 | avg_r:   191.659879 | e:   0.663300 | Q: 931.201416 | won: False 
# 5000 | steps_t: 16967 | t: 861.308808 | r:   470.000000 | avg_r:   193.191960 | e:   0.660660 | Q: 611.929260 | won: False 
